ARM Linker, 5.03 [Build 24] [MDK-ARM Standard]

==============================================================================

Section Cross References

    startup_lpc177x_8x.o(RESET) refers to startup_lpc177x_8x.o(STACK) for __initial_sp
    startup_lpc177x_8x.o(RESET) refers to startup_lpc177x_8x.o(.text) for Reset_Handler
    startup_lpc177x_8x.o(RESET) refers to os_cpu_a.o(.text) for OS_CPU_PendSVHandler
    startup_lpc177x_8x.o(RESET) refers to os_cpu_c.o(i.OS_CPU_SysTickHandler) for OS_CPU_SysTickHandler
    startup_lpc177x_8x.o(RESET) refers to uart_handling.o(i.UART0_IRQHandler) for UART0_IRQHandler
    startup_lpc177x_8x.o(RESET) refers to can_handling.o(i.CAN_IRQHandler) for CAN_IRQHandler
    startup_lpc177x_8x.o(RESET) refers to menudisp.o(i.GPIO_IRQHandler) for GPIO_IRQHandler
    startup_lpc177x_8x.o(.text) refers to system_lpc177x_8x.o(i.SystemInit) for SystemInit
    startup_lpc177x_8x.o(.text) refers to entry.o(.ARM.Collect$$$$00000000) for __main
    system_lpc177x_8x.o(i.SystemCoreClockUpdate) refers to system_lpc177x_8x.o(.data) for SystemCoreClock
    lpc177x_8x_clkpwr.o(i.CLKPWR_GetCLK) refers to system_lpc177x_8x.o(.data) for SystemCoreClock
    lpc177x_8x_clkpwr.o(i.CLKPWR_SetCLKDiv) refers to system_lpc177x_8x.o(i.SystemCoreClockUpdate) for SystemCoreClockUpdate
    lpc177x_8x_emc.o(i.DynMem_Init) refers to lpc177x_8x_pinsel.o(i.PINSEL_ConfigPin) for PINSEL_ConfigPin
    lpc177x_8x_emc.o(i.DynMem_Init) refers to lpc177x_8x_emc.o(i.EMC_PwrOn) for EMC_PwrOn
    lpc177x_8x_emc.o(i.DynMem_Init) refers to lpc177x_8x_emc.o(i.EMC_ConfigEndianMode) for EMC_ConfigEndianMode
    lpc177x_8x_emc.o(i.DynMem_Init) refers to lpc177x_8x_emc.o(i.EMC_DynCtrlSelfRefresh) for EMC_DynCtrlSelfRefresh
    lpc177x_8x_emc.o(i.DynMem_Init) refers to lpc177x_8x_emc.o(i.EMC_DynCtrlPowerDownMode) for EMC_DynCtrlPowerDownMode
    lpc177x_8x_emc.o(i.DynMem_Init) refers to lpc177x_8x_emc.o(i.EMC_DynCtrlClockEnable) for EMC_DynCtrlClockEnable
    lpc177x_8x_emc.o(i.DynMem_Init) refers to lpc177x_8x_emc.o(i.EMC_DynCtrlMMC) for EMC_DynCtrlMMC
    lpc177x_8x_emc.o(i.DynMem_Init) refers to lpc177x_8x_emc.o(i.EMC_DynCtrlClockControl) for EMC_DynCtrlClockControl
    lpc177x_8x_emc.o(i.DynMem_Init) refers to lpc177x_8x_emc.o(i.EMC_SetDynMemoryParameter) for EMC_SetDynMemoryParameter
    lpc177x_8x_emc.o(i.DynMem_Init) refers to lpc177x_8x_emc.o(i.EMC_DynMemRAS) for EMC_DynMemRAS
    lpc177x_8x_emc.o(i.DynMem_Init) refers to lpc177x_8x_emc.o(i.EMC_DynMemCAS) for EMC_DynMemCAS
    lpc177x_8x_emc.o(i.DynMem_Init) refers to lpc177x_8x_emc.o(i.EMC_DynMemConfigMD) for EMC_DynMemConfigMD
    lpc177x_8x_emc.o(i.DynMem_Init) refers to lpc177x_8x_emc.o(i.EMC_DynMemConfigAM) for EMC_DynMemConfigAM
    lpc177x_8x_emc.o(i.EMC_Init) refers to lpc177x_8x_clkpwr.o(i.CLKPWR_GetCLK) for CLKPWR_GetCLK
    lpc177x_8x_emc.o(i.EMC_Init) refers to lpc177x_8x_clkpwr.o(i.CLKPWR_SetCLKDiv) for CLKPWR_SetCLKDiv
    lpc177x_8x_emc.o(i.EMC_Init) refers to lpc177x_8x_pinsel.o(i.PINSEL_ConfigPin) for PINSEL_ConfigPin
    lpc177x_8x_emc.o(i.EMC_NS2CLK) refers to lpc177x_8x_clkpwr.o(i.CLKPWR_GetCLK) for CLKPWR_GetCLK
    lpc177x_8x_emc.o(i.EMC_NS2CLK) refers to uldiv.o(.text) for __aeabi_uldivmod
    lpc177x_8x_emc.o(i.EMC_PwrOn) refers to lpc177x_8x_clkpwr.o(i.CLKPWR_GetCLK) for CLKPWR_GetCLK
    lpc177x_8x_emc.o(i.EMC_PwrOn) refers to lpc177x_8x_clkpwr.o(i.CLKPWR_SetCLKDiv) for CLKPWR_SetCLKDiv
    lpc177x_8x_emc.o(i.EMC_PwrOn) refers to lpc177x_8x_clkpwr.o(i.CLKPWR_ConfigPPWR) for CLKPWR_ConfigPPWR
    lpc177x_8x_emc.o(i.EMC_SDRAM_REFRESH) refers to lpc177x_8x_clkpwr.o(i.CLKPWR_GetCLK) for CLKPWR_GetCLK
    lpc177x_8x_emc.o(i.EMC_SDRAM_REFRESH) refers to uldiv.o(.text) for __aeabi_uldivmod
    lpc177x_8x_emc.o(i.StaticMem_Init) refers to lpc177x_8x_pinsel.o(i.PINSEL_ConfigPin) for PINSEL_ConfigPin
    lpc177x_8x_emc.o(i.StaticMem_Init) refers to lpc177x_8x_emc.o(i.EMC_PwrOn) for EMC_PwrOn
    lpc177x_8x_emc.o(i.StaticMem_Init) refers to lpc177x_8x_emc.o(i.EMC_StaMemConfigMW) for EMC_StaMemConfigMW
    lpc177x_8x_emc.o(i.StaticMem_Init) refers to lpc177x_8x_emc.o(i.EMC_StaMemConfigPM) for EMC_StaMemConfigPM
    lpc177x_8x_emc.o(i.StaticMem_Init) refers to lpc177x_8x_emc.o(i.EMC_StaMemConfigPB) for EMC_StaMemConfigPB
    lpc177x_8x_emc.o(i.StaticMem_Init) refers to lpc177x_8x_emc.o(i.EMC_StaMemConfigEW) for EMC_StaMemConfigEW
    lpc177x_8x_emc.o(i.StaticMem_Init) refers to lpc177x_8x_emc.o(i.EMC_SetStaMemoryParameter) for EMC_SetStaMemoryParameter
    lpc177x_8x_pinsel.o(i.PINSEL_ConfigPin) refers to lpc177x_8x_pinsel.o(i.PINSEL_GetPinType) for PINSEL_GetPinType
    lpc177x_8x_pinsel.o(i.PINSEL_ConfigPin) refers to lpc177x_8x_pinsel.o(i.PIN_GetPointer) for PIN_GetPointer
    lpc177x_8x_pinsel.o(i.PINSEL_DacEnable) refers to lpc177x_8x_pinsel.o(i.PINSEL_GetPinType) for PINSEL_GetPinType
    lpc177x_8x_pinsel.o(i.PINSEL_DacEnable) refers to lpc177x_8x_pinsel.o(i.PIN_GetPointer) for PIN_GetPointer
[...]
    acFont13ASCII_003A                       0x0000984b   Data          13  f13_ascii.o(.constdata)
    acFont13ASCII_003B                       0x00009858   Data          13  f13_ascii.o(.constdata)
    acFont13ASCII_003C                       0x00009865   Data          13  f13_ascii.o(.constdata)
    acFont13ASCII_003D                       0x00009872   Data          13  f13_ascii.o(.constdata)
    acFont13ASCII_003E                       0x0000987f   Data          13  f13_ascii.o(.constdata)
    acFont13ASCII_003F                       0x0000988c   Data          13  f13_ascii.o(.constdata)
    acFont13ASCII_0040                       0x00009899   Data          26  f13_ascii.o(.constdata)
    acFont13ASCII_0041                       0x000098b3   Data          13  f13_ascii.o(.constdata)
    acFont13ASCII_0042                       0x000098c0   Data          13  f13_ascii.o(.constdata)
    acFont13ASCII_0043                       0x000098cd   Data          13  f13_ascii.o(.constdata)
    acFont13ASCII_0044                       0x000098da   Data          13  f13_ascii.o(.constdata)
    acFont13ASCII_0045                       0x000098e7   Data          13  f13_ascii.o(.constdata)
    acFont13ASCII_0046                       0x000098f4   Data          13  f13_ascii.o(.constdata)
    acFont13ASCII_0047                       0x00009901   Data          13  f13_ascii.o(.constdata)
    acFont13ASCII_0048                       0x0000990e   Data          13  f13_ascii.o(.constdata)
    acFont13ASCII_0049                       0x0000991b   Data          13  f13_ascii.o(.constdata)
    acFont13ASCII_004A                       0x00009928   Data          13  f13_ascii.o(.constdata)
    acFont13ASCII_004B                       0x00009935   Data          13  f13_ascii.o(.constdata)
    acFont13ASCII_004C                       0x00009942   Data          13  f13_ascii.o(.constdata)
    acFont13ASCII_004D                       0x0000994f   Data          13  f13_ascii.o(.constdata)
    acFont13ASCII_004E                       0x0000995c   Data          13  f13_ascii.o(.constdata)
    acFont13ASCII_004F                       0x00009969   Data          13  f13_ascii.o(.constdata)
    acFont13ASCII_0050                       0x00009976   Data          13  f13_ascii.o(.constdata)
    acFont13ASCII_0051                       0x00009983   Data          13  f13_ascii.o(.constdata)
    acFont13ASCII_0052                       0x00009990   Data          13  f13_ascii.o(.constdata)
    acFont13ASCII_0053                       0x0000999d   Data          13  f13_ascii.o(.constdata)
    acFont13ASCII_0054                       0x000099aa   Data          13  f13_ascii.o(.constdata)
    acFont13ASCII_0055                       0x000099b7   Data          13  f13_ascii.o(.constdata)
    acFont13ASCII_0056                       0x000099c4   Data          13  f13_ascii.o(.constdata)
    acFont13ASCII_0057                       0x000099d1   Data          26  f13_ascii.o(.constdata)
    acFont13ASCII_0058                       0x000099eb   Data          13  f13_ascii.o(.constdata)
    acFont13ASCII_0059                       0x000099f8   Data          13  f13_ascii.o(.constdata)
    acFont13ASCII_005A                       0x00009a05   Data          13  f13_ascii.o(.constdata)
    acFont13ASCII_005B                       0x00009a12   Data          13  f13_ascii.o(.constdata)
    acFont13ASCII_005C                       0x00009a1f   Data          13  f13_ascii.o(.constdata)
    acFont13ASCII_005D                       0x00009a2c   Data          13  f13_ascii.o(.constdata)
    acFont13ASCII_005E                       0x00009a39   Data          13  f13_ascii.o(.constdata)
    acFont13ASCII_005F                       0x00009a46   Data          13  f13_ascii.o(.constdata)
    acFont13ASCII_0060                       0x00009a53   Data          13  f13_ascii.o(.constdata)
    acFont13ASCII_0061                       0x00009a60   Data          13  f13_ascii.o(.constdata)
    acFont13ASCII_0062                       0x00009a6d   Data          13  f13_ascii.o(.constdata)
    acFont13ASCII_0063                       0x00009a7a   Data          13  f13_ascii.o(.constdata)
    acFont13ASCII_0064                       0x00009a87   Data          13  f13_ascii.o(.constdata)
    acFont13ASCII_0065                       0x00009a94   Data          13  f13_ascii.o(.constdata)
    acFont13ASCII_0066                       0x00009aa1   Data          13  f13_ascii.o(.constdata)
    acFont13ASCII_0067                       0x00009aae   Data          13  f13_ascii.o(.constdata)
    acFont13ASCII_0068                       0x00009abb   Data          13  f13_ascii.o(.constdata)
    acFont13ASCII_0069                       0x00009ac8   Data          13  f13_ascii.o(.constdata)
    acFont13ASCII_006A                       0x00009ad5   Data          13  f13_ascii.o(.constdata)
    acFont13ASCII_006B                       0x00009ae2   Data          13  f13_ascii.o(.constdata)
    acFont13ASCII_006C                       0x00009aef   Data          13  f13_ascii.o(.constdata)
    acFont13ASCII_006D                       0x00009afc   Data          13  f13_ascii.o(.constdata)
    acFont13ASCII_006E                       0x00009b09   Data          13  f13_ascii.o(.constdata)
    acFont13ASCII_006F                       0x00009b16   Data          13  f13_ascii.o(.constdata)
    acFont13ASCII_0070                       0x00009b23   Data          13  f13_ascii.o(.constdata)
    acFont13ASCII_0071                       0x00009b30   Data          13  f13_ascii.o(.constdata)
    acFont13ASCII_0072                       0x00009b3d   Data          13  f13_ascii.o(.constdata)
    acFont13ASCII_0073                       0x00009b4a   Data          13  f13_ascii.o(.constdata)
    acFont13ASCII_0074                       0x00009b57   Data          13  f13_ascii.o(.constdata)
    acFont13ASCII_0075                       0x00009b64   Data          13  f13_ascii.o(.constdata)
    acFont13ASCII_0076                       0x00009b71   Data          13  f13_ascii.o(.constdata)
    acFont13ASCII_0077                       0x00009b7e   Data          13  f13_ascii.o(.constdata)
    acFont13ASCII_0078                       0x00009b8b   Data          13  f13_ascii.o(.constdata)
    acFont13ASCII_0079                       0x00009b98   Data          13  f13_ascii.o(.constdata)
    acFont13ASCII_007A                       0x00009ba5   Data          13  f13_ascii.o(.constdata)
    acFont13ASCII_007B                       0x00009bb2   Data          13  f13_ascii.o(.constdata)
    acFont13ASCII_007C                       0x00009bbf   Data          13  f13_ascii.o(.constdata)
    acFont13ASCII_007D                       0x00009bcc   Data          13  f13_ascii.o(.constdata)
    acFont13ASCII_007E                       0x00009bd9   Data          13  f13_ascii.o(.constdata)
    GUI_Font13ASCII_CharInfo                 0x00009be8   Data         760  f13_ascii.o(.constdata)
    GUI_Font13ASCII_Prop1                    0x00009ee0   Data          12  f13_ascii.o(.constdata)
    GUI_Font13_ASCII                         0x00009eec   Data          32  f13_ascii.o(.constdata)
    acFont16B_ASCII_0020                     0x00009f0c   Data          16  f16b_ascii.o(.constdata)
    acFont16B_ASCII_0021                     0x00009f1c   Data          16  f16b_ascii.o(.constdata)
    acFont16B_ASCII_0022                     0x00009f2c   Data          16  f16b_ascii.o(.constdata)
    acFont16B_ASCII_0023                     0x00009f3c   Data          16  f16b_ascii.o(.constdata)
    acFont16B_ASCII_0024                     0x00009f4c   Data          16  f16b_ascii.o(.constdata)
    acFont16B_ASCII_0025                     0x00009f5c   Data          32  f16b_ascii.o(.constdata)
    acFont16B_ASCII_0026                     0x00009f7c   Data          32  f16b_ascii.o(.constdata)
    acFont16B_ASCII_0027                     0x00009f9c   Data          16  f16b_ascii.o(.constdata)
    acFont16B_ASCII_0028                     0x00009fac   Data          16  f16b_ascii.o(.constdata)
    acFont16B_ASCII_0029                     0x00009fbc   Data          16  f16b_ascii.o(.constdata)
    acFont16B_ASCII_002A                     0x00009fcc   Data          16  f16b_ascii.o(.constdata)
    acFont16B_ASCII_002B                     0x00009fdc   Data          16  f16b_ascii.o(.constdata)
    acFont16B_ASCII_002C                     0x00009fec   Data          16  f16b_ascii.o(.constdata)
    acFont16B_ASCII_002D                     0x00009ffc   Data          16  f16b_ascii.o(.constdata)
    acFont16B_ASCII_002E                     0x0000a00c   Data          16  f16b_ascii.o(.constdata)
    acFont16B_ASCII_002F                     0x0000a01c   Data          16  f16b_ascii.o(.constdata)
    acFont16B_ASCII_0030                     0x0000a02c   Data          16  f16b_ascii.o(.constdata)
    acFont16B_ASCII_0031                     0x0000a03c   Data          16  f16b_ascii.o(.constdata)
    acFont16B_ASCII_0032                     0x0000a04c   Data          16  f16b_ascii.o(.constdata)
    acFont16B_ASCII_0033                     0x0000a05c   Data          16  f16b_ascii.o(.constdata)
    acFont16B_ASCII_0034                     0x0000a06c   Data          16  f16b_ascii.o(.constdata)
    acFont16B_ASCII_0035                     0x0000a07c   Data          16  f16b_ascii.o(.constdata)
    acFont16B_ASCII_0036                     0x0000a08c   Data          16  f16b_ascii.o(.constdata)
    acFont16B_ASCII_0037                     0x0000a09c   Data          16  f16b_ascii.o(.constdata)
    acFont16B_ASCII_0038                     0x0000a0ac   Data          16  f16b_ascii.o(.constdata)
    acFont16B_ASCII_0039                     0x0000a0bc   Data          16  f16b_ascii.o(.constdata)
    acFont16B_ASCII_003A                     0x0000a0cc   Data          16  f16b_ascii.o(.constdata)
    acFont16B_ASCII_003B                     0x0000a0dc   Data          16  f16b_ascii.o(.constdata)
    acFont16B_ASCII_003C                     0x0000a0ec   Data          16  f16b_ascii.o(.constdata)
    acFont16B_ASCII_003D                     0x0000a0fc   Data          16  f16b_ascii.o(.constdata)
    acFont16B_ASCII_003E                     0x0000a10c   Data          16  f16b_ascii.o(.constdata)
    acFont16B_ASCII_003F                     0x0000a11c   Data          16  f16b_ascii.o(.constdata)
    acFont16B_ASCII_0040                     0x0000a12c   Data          32  f16b_ascii.o(.constdata)
    acFont16B_ASCII_0041                     0x0000a14c   Data          32  f16b_ascii.o(.constdata)
    acFont16B_ASCII_0042                     0x0000a16c   Data          32  f16b_ascii.o(.constdata)
    acFont16B_ASCII_0043                     0x0000a18c   Data          32  f16b_ascii.o(.constdata)
    acFont16B_ASCII_0044                     0x0000a1ac   Data          32  f16b_ascii.o(.constdata)
    acFont16B_ASCII_0045                     0x0000a1cc   Data          16  f16b_ascii.o(.constdata)
    acFont16B_ASCII_0046                     0x0000a1dc   Data          16  f16b_ascii.o(.constdata)
    acFont16B_ASCII_0047                     0x0000a1ec   Data          32  f16b_ascii.o(.constdata)
    acFont16B_ASCII_0048                     0x0000a20c   Data          32  f16b_ascii.o(.constdata)
    acFont16B_ASCII_0049                     0x0000a22c   Data          16  f16b_ascii.o(.constdata)
    acFont16B_ASCII_004A                     0x0000a23c   Data          16  f16b_ascii.o(.constdata)
    acFont16B_ASCII_004B                     0x0000a24c   Data          32  f16b_ascii.o(.constdata)
    acFont16B_ASCII_004C                     0x0000a26c   Data          16  f16b_ascii.o(.constdata)
    acFont16B_ASCII_004D                     0x0000a27c   Data          32  f16b_ascii.o(.constdata)
    acFont16B_ASCII_004E                     0x0000a29c   Data          32  f16b_ascii.o(.constdata)
    acFont16B_ASCII_004F                     0x0000a2bc   Data          32  f16b_ascii.o(.constdata)
    acFont16B_ASCII_0050                     0x0000a2dc   Data          32  f16b_ascii.o(.constdata)
    acFont16B_ASCII_0051                     0x0000a2fc   Data          32  f16b_ascii.o(.constdata)
    acFont16B_ASCII_0052                     0x0000a31c   Data          32  f16b_ascii.o(.constdata)
    acFont16B_ASCII_0053                     0x0000a33c   Data          32  f16b_ascii.o(.constdata)
    acFont16B_ASCII_0054                     0x0000a35c   Data          16  f16b_ascii.o(.constdata)
    acFont16B_ASCII_0055                     0x0000a36c   Data          32  f16b_ascii.o(.constdata)
    acFont16B_ASCII_0056                     0x0000a38c   Data          32  f16b_ascii.o(.constdata)
    acFont16B_ASCII_0057                     0x0000a3ac   Data          32  f16b_ascii.o(.constdata)
    acFont16B_ASCII_0058                     0x0000a3cc   Data          32  f16b_ascii.o(.constdata)
    acFont16B_ASCII_0059                     0x0000a3ec   Data          16  f16b_ascii.o(.constdata)
    acFont16B_ASCII_005A                     0x0000a3fc   Data          16  f16b_ascii.o(.constdata)
    acFont16B_ASCII_005B                     0x0000a40c   Data          16  f16b_ascii.o(.constdata)
    acFont16B_ASCII_005C                     0x0000a41c   Data          16  f16b_ascii.o(.constdata)
    acFont16B_ASCII_005D                     0x0000a42c   Data          16  f16b_ascii.o(.constdata)
    acFont16B_ASCII_005E                     0x0000a43c   Data          16  f16b_ascii.o(.constdata)
    acFont16B_ASCII_005F                     0x0000a44c   Data          16  f16b_ascii.o(.constdata)
    acFont16B_ASCII_0060                     0x0000a45c   Data          16  f16b_ascii.o(.constdata)
    acFont16B_ASCII_0061                     0x0000a46c   Data          16  f16b_ascii.o(.constdata)
    acFont16B_ASCII_0062                     0x0000a47c   Data          16  f16b_ascii.o(.constdata)
    acFont16B_ASCII_0063                     0x0000a48c   Data          16  f16b_ascii.o(.constdata)
    acFont16B_ASCII_0064                     0x0000a49c   Data          16  f16b_ascii.o(.constdata)
    acFont16B_ASCII_0065                     0x0000a4ac   Data          16  f16b_ascii.o(.constdata)
    acFont16B_ASCII_0066                     0x0000a4bc   Data          16  f16b_ascii.o(.constdata)
    acFont16B_ASCII_0067                     0x0000a4cc   Data          16  f16b_ascii.o(.constdata)
    acFont16B_ASCII_0068                     0x0000a4dc   Data          16  f16b_ascii.o(.constdata)
    acFont16B_ASCII_0069                     0x0000a4ec   Data          16  f16b_ascii.o(.constdata)
    acFont16B_ASCII_006A                     0x0000a4fc   Data          16  f16b_ascii.o(.constdata)
    acFont16B_ASCII_006B                     0x0000a50c   Data          16  f16b_ascii.o(.constdata)
    acFont16B_ASCII_006C                     0x0000a51c   Data          16  f16b_ascii.o(.constdata)
    acFont16B_ASCII_006D                     0x0000a52c   Data          32  f16b_ascii.o(.constdata)
    acFont16B_ASCII_006E                     0x0000a54c   Data          16  f16b_ascii.o(.constdata)
    acFont16B_ASCII_006F                     0x0000a55c   Data          16  f16b_ascii.o(.constdata)
    acFont16B_ASCII_0070                     0x0000a56c   Data          16  f16b_ascii.o(.constdata)
    acFont16B_ASCII_0071                     0x0000a57c   Data          16  f16b_ascii.o(.constdata)
    acFont16B_ASCII_0072                     0x0000a58c   Data          16  f16b_ascii.o(.constdata)
    acFont16B_ASCII_0073                     0x0000a59c   Data          16  f16b_ascii.o(.constdata)
    acFont16B_ASCII_0074                     0x0000a5ac   Data          16  f16b_ascii.o(.constdata)
    acFont16B_ASCII_0075                     0x0000a5bc   Data          16  f16b_ascii.o(.constdata)
    acFont16B_ASCII_0076                     0x0000a5cc   Data          16  f16b_ascii.o(.constdata)
    acFont16B_ASCII_0077                     0x0000a5dc   Data          32  f16b_ascii.o(.constdata)
    acFont16B_ASCII_0078                     0x0000a5fc   Data          16  f16b_ascii.o(.constdata)
    acFont16B_ASCII_0079                     0x0000a60c   Data          16  f16b_ascii.o(.constdata)
    acFont16B_ASCII_007A                     0x0000a61c   Data          16  f16b_ascii.o(.constdata)
    acFont16B_ASCII_007B                     0x0000a62c   Data          16  f16b_ascii.o(.constdata)
    acFont16B_ASCII_007C                     0x0000a63c   Data          16  f16b_ascii.o(.constdata)
    acFont16B_ASCII_007D                     0x0000a64c   Data          16  f16b_ascii.o(.constdata)
    acFont16B_ASCII_007E                     0x0000a65c   Data          16  f16b_ascii.o(.constdata)
    GUI_Font16B_ASCII_CharInfo               0x0000a66c   Data         760  f16b_ascii.o(.constdata)
    GUI_Font16B_ASCII_Prop1                  0x0000a964   Data          12  f16b_ascii.o(.constdata)
    GUI_Font16B_ASCII                        0x0000a970   Data          32  f16b_ascii.o(.constdata)
    acFontComic18B_ASCII_32                  0x0000a990   Data          18  fcomic18b_ascii.o(.constdata)
    acFontComic18B_ASCII_33                  0x0000a9a2   Data          18  fcomic18b_ascii.o(.constdata)
    acFontComic18B_ASCII_34                  0x0000a9b4   Data          18  fcomic18b_ascii.o(.constdata)
    acFontComic18B_ASCII_35                  0x0000a9c6   Data          36  fcomic18b_ascii.o(.constdata)
    acFontComic18B_ASCII_36                  0x0000a9ea   Data          36  fcomic18b_ascii.o(.constdata)
    acFontComic18B_ASCII_37                  0x0000aa0e   Data          36  fcomic18b_ascii.o(.constdata)
    acFontComic18B_ASCII_38                  0x0000aa32   Data          36  fcomic18b_ascii.o(.constdata)
    acFontComic18B_ASCII_39                  0x0000aa56   Data          18  fcomic18b_ascii.o(.constdata)
    acFontComic18B_ASCII_40                  0x0000aa68   Data          18  fcomic18b_ascii.o(.constdata)
    acFontComic18B_ASCII_41                  0x0000aa7a   Data          18  fcomic18b_ascii.o(.constdata)
    acFontComic18B_ASCII_42                  0x0000aa8c   Data          36  fcomic18b_ascii.o(.constdata)
    acFontComic18B_ASCII_43                  0x0000aab0   Data          18  fcomic18b_ascii.o(.constdata)
    acFontComic18B_ASCII_44                  0x0000aac2   Data          18  fcomic18b_ascii.o(.constdata)
    acFontComic18B_ASCII_45                  0x0000aad4   Data          18  fcomic18b_ascii.o(.constdata)
    acFontComic18B_ASCII_46                  0x0000aae6   Data          18  fcomic18b_ascii.o(.constdata)
    acFontComic18B_ASCII_47                  0x0000aaf8   Data          36  fcomic18b_ascii.o(.constdata)
    acFontComic18B_ASCII_48                  0x0000ab1c   Data          36  fcomic18b_ascii.o(.constdata)
    acFontComic18B_ASCII_49                  0x0000ab40   Data          18  fcomic18b_ascii.o(.constdata)
    acFontComic18B_ASCII_50                  0x0000ab52   Data          36  fcomic18b_ascii.o(.constdata)
    acFontComic18B_ASCII_51                  0x0000ab76   Data          36  fcomic18b_ascii.o(.constdata)
    acFontComic18B_ASCII_52                  0x0000ab9a   Data          36  fcomic18b_ascii.o(.constdata)
    acFontComic18B_ASCII_53                  0x0000abbe   Data          36  fcomic18b_ascii.o(.constdata)
    acFontComic18B_ASCII_54                  0x0000abe2   Data          36  fcomic18b_ascii.o(.constdata)
    acFontComic18B_ASCII_55                  0x0000ac06   Data          36  fcomic18b_ascii.o(.constdata)
    acFontComic18B_ASCII_56                  0x0000ac2a   Data          36  fcomic18b_ascii.o(.constdata)
    acFontComic18B_ASCII_57                  0x0000ac4e   Data          36  fcomic18b_ascii.o(.constdata)
    acFontComic18B_ASCII_58                  0x0000ac72   Data          18  fcomic18b_ascii.o(.constdata)
    acFontComic18B_ASCII_59                  0x0000ac84   Data          18  fcomic18b_ascii.o(.constdata)
    acFontComic18B_ASCII_60                  0x0000ac96   Data          18  fcomic18b_ascii.o(.constdata)
    acFontComic18B_ASCII_61                  0x0000aca8   Data          18  fcomic18b_ascii.o(.constdata)
    acFontComic18B_ASCII_62                  0x0000acba   Data          18  fcomic18b_ascii.o(.constdata)
    acFontComic18B_ASCII_63                  0x0000accc   Data          36  fcomic18b_ascii.o(.constdata)
    acFontComic18B_ASCII_64                  0x0000acf0   Data          36  fcomic18b_ascii.o(.constdata)
    acFontComic18B_ASCII_65                  0x0000ad14   Data          36  fcomic18b_ascii.o(.constdata)
    acFontComic18B_ASCII_66                  0x0000ad38   Data          36  fcomic18b_ascii.o(.constdata)
    acFontComic18B_ASCII_67                  0x0000ad5c   Data          36  fcomic18b_ascii.o(.constdata)
    acFontComic18B_ASCII_68                  0x0000ad80   Data          36  fcomic18b_ascii.o(.constdata)
    acFontComic18B_ASCII_69                  0x0000ada4   Data          36  fcomic18b_ascii.o(.constdata)
    acFontComic18B_ASCII_70                  0x0000adc8   Data          36  fcomic18b_ascii.o(.constdata)
    acFontComic18B_ASCII_71                  0x0000adec   Data          36  fcomic18b_ascii.o(.constdata)
    acFontComic18B_ASCII_72                  0x0000ae10   Data          36  fcomic18b_ascii.o(.constdata)
    acFontComic18B_ASCII_73                  0x0000ae34   Data          36  fcomic18b_ascii.o(.constdata)
    acFontComic18B_ASCII_74                  0x0000ae58   Data          36  fcomic18b_ascii.o(.constdata)
    acFontComic18B_ASCII_75                  0x0000ae7c   Data          36  fcomic18b_ascii.o(.constdata)
    acFontComic18B_ASCII_76                  0x0000aea0   Data          36  fcomic18b_ascii.o(.constdata)
    acFontComic18B_ASCII_77                  0x0000aec4   Data          36  fcomic18b_ascii.o(.constdata)
    acFontComic18B_ASCII_78                  0x0000aee8   Data          36  fcomic18b_ascii.o(.constdata)
    acFontComic18B_ASCII_79                  0x0000af0c   Data          36  fcomic18b_ascii.o(.constdata)
    acFontComic18B_ASCII_80                  0x0000af30   Data          18  fcomic18b_ascii.o(.constdata)
    acFontComic18B_ASCII_81                  0x0000af42   Data          36  fcomic18b_ascii.o(.constdata)
    acFontComic18B_ASCII_82                  0x0000af66   Data          36  fcomic18b_ascii.o(.constdata)
    acFontComic18B_ASCII_83                  0x0000af8a   Data          36  fcomic18b_ascii.o(.constdata)
    acFontComic18B_ASCII_84                  0x0000afae   Data          36  fcomic18b_ascii.o(.constdata)
    acFontComic18B_ASCII_85                  0x0000afd2   Data          36  fcomic18b_ascii.o(.constdata)
    acFontComic18B_ASCII_86                  0x0000aff6   Data          36  fcomic18b_ascii.o(.constdata)
    acFontComic18B_ASCII_87                  0x0000b01a   Data          54  fcomic18b_ascii.o(.constdata)
    acFontComic18B_ASCII_88                  0x0000b050   Data          36  fcomic18b_ascii.o(.constdata)
    acFontComic18B_ASCII_89                  0x0000b074   Data          36  fcomic18b_ascii.o(.constdata)
    acFontComic18B_ASCII_90                  0x0000b098   Data          36  fcomic18b_ascii.o(.constdata)
    acFontComic18B_ASCII_91                  0x0000b0bc   Data          18  fcomic18b_ascii.o(.constdata)
    acFontComic18B_ASCII_92                  0x0000b0ce   Data          18  fcomic18b_ascii.o(.constdata)
    acFontComic18B_ASCII_93                  0x0000b0e0   Data          18  fcomic18b_ascii.o(.constdata)
    acFontComic18B_ASCII_94                  0x0000b0f2   Data          18  fcomic18b_ascii.o(.constdata)
    acFontComic18B_ASCII_95                  0x0000b104   Data          36  fcomic18b_ascii.o(.constdata)
    acFontComic18B_ASCII_96                  0x0000b128   Data          36  fcomic18b_ascii.o(.constdata)
    acFontComic18B_ASCII_97                  0x0000b14c   Data          18  fcomic18b_ascii.o(.constdata)
    acFontComic18B_ASCII_98                  0x0000b15e   Data          36  fcomic18b_ascii.o(.constdata)
    acFontComic18B_ASCII_99                  0x0000b182   Data          18  fcomic18b_ascii.o(.constdata)
    acFontComic18B_ASCII_100                 0x0000b194   Data          36  fcomic18b_ascii.o(.constdata)
    acFontComic18B_ASCII_101                 0x0000b1b8   Data          18  fcomic18b_ascii.o(.constdata)
    acFontComic18B_ASCII_102                 0x0000b1ca   Data          18  fcomic18b_ascii.o(.constdata)
    acFontComic18B_ASCII_103                 0x0000b1dc   Data          18  fcomic18b_ascii.o(.constdata)
    acFontComic18B_ASCII_104                 0x0000b1ee   Data          18  fcomic18b_ascii.o(.constdata)
    acFontComic18B_ASCII_105                 0x0000b200   Data          18  fcomic18b_ascii.o(.constdata)
    acFontComic18B_ASCII_106                 0x0000b212   Data          18  fcomic18b_ascii.o(.constdata)
    acFontComic18B_ASCII_107                 0x0000b224   Data          36  fcomic18b_ascii.o(.constdata)
    acFontComic18B_ASCII_108                 0x0000b248   Data          18  fcomic18b_ascii.o(.constdata)
    acFontComic18B_ASCII_109                 0x0000b25a   Data          36  fcomic18b_ascii.o(.constdata)
    acFontComic18B_ASCII_110                 0x0000b27e   Data          18  fcomic18b_ascii.o(.constdata)
    acFontComic18B_ASCII_111                 0x0000b290   Data          18  fcomic18b_ascii.o(.constdata)
    acFontComic18B_ASCII_112                 0x0000b2a2   Data          36  fcomic18b_ascii.o(.constdata)
    acFontComic18B_ASCII_113                 0x0000b2c6   Data          18  fcomic18b_ascii.o(.constdata)
    acFontComic18B_ASCII_114                 0x0000b2d8   Data          18  fcomic18b_ascii.o(.constdata)
    acFontComic18B_ASCII_115                 0x0000b2ea   Data          18  fcomic18b_ascii.o(.constdata)
    acFontComic18B_ASCII_116                 0x0000b2fc   Data          18  fcomic18b_ascii.o(.constdata)
    acFontComic18B_ASCII_117                 0x0000b30e   Data          18  fcomic18b_ascii.o(.constdata)
    acFontComic18B_ASCII_118                 0x0000b320   Data          18  fcomic18b_ascii.o(.constdata)
    acFontComic18B_ASCII_119                 0x0000b332   Data          36  fcomic18b_ascii.o(.constdata)
    acFontComic18B_ASCII_120                 0x0000b356   Data          36  fcomic18b_ascii.o(.constdata)
    acFontComic18B_ASCII_121                 0x0000b37a   Data          36  fcomic18b_ascii.o(.constdata)
    acFontComic18B_ASCII_122                 0x0000b39e   Data          36  fcomic18b_ascii.o(.constdata)
    acFontComic18B_ASCII_123                 0x0000b3c2   Data          18  fcomic18b_ascii.o(.constdata)
    acFontComic18B_ASCII_124                 0x0000b3d4   Data          18  fcomic18b_ascii.o(.constdata)
    acFontComic18B_ASCII_125                 0x0000b3e6   Data          18  fcomic18b_ascii.o(.constdata)
    acFontComic18B_ASCII_126                 0x0000b3f8   Data          36  fcomic18b_ascii.o(.constdata)
    acFontComic18B_ASCII_127                 0x0000b41c   Data          18  fcomic18b_ascii.o(.constdata)
    acFontComic18B_ASCII_128                 0x0000b42e   Data          36  fcomic18b_ascii.o(.constdata)
    CharInfo18B_ASCII                        0x0000b454   Data         776  fcomic18b_ascii.o(.constdata)
    GUI_FontComic18BProp_ASCII_1             0x0000b75c   Data          12  fcomic18b_ascii.o(.constdata)
    GUI_FontComic18B_ASCII                   0x0000b768   Data          32  fcomic18b_ascii.o(.constdata)
    GUI_MEMDEV__APIList16                    0x0000b7a8   Data          64  guidev_16.o(.constdata)
    BlockDispSerialNumContext                0x0000b83c   Data          20  blockdisp.o(.constdata)
    BlockDispEEPSWVersionContext             0x0000b850   Data         125  blockdisp.o(.constdata)
    BlockDispBackButtonContext               0x0000b8cd   Data          50  blockdisp.o(.constdata)
    BlockDispCurrentButtonContext            0x0000b8ff   Data          25  blockdisp.o(.constdata)
    BlockDispCableConnectionContext          0x0000b918   Data          25  blockdisp.o(.constdata)
    BlockDispPointerPositonContext           0x0000b931   Data         200  blockdisp.o(.constdata)
    BlockDispCaliAnalogInputContext          0x0000b9f9   Data         100  blockdisp.o(.constdata)
    BlockDispBrandInforContext               0x0000ba5d   Data          25  blockdisp.o(.constdata)
    BlockDispKeyIDContext                    0x0000ba76   Data          25  blockdisp.o(.constdata)
    BlockDispDigitalInputContext             0x0000ba8f   Data          25  blockdisp.o(.constdata)
    BlockDispSelfTestStatusContext           0x0000baa8   Data          25  blockdisp.o(.constdata)
    BlockDispRoutineResultContext            0x0000bac1   Data          75  blockdisp.o(.constdata)
    BlockDTCResultContext                    0x0000bb0c   Data           5  blockdisp.o(.constdata)
    cBrandInfor                              0x0000bb11   Data         100  blockdisp.o(.constdata)
    cSelftestStatus                          0x0000bb75   Data          80  blockdisp.o(.constdata)
    cLEDType                                 0x0000bc00   Data          75  coderdisp.o(.constdata)
    cLCDType                                 0x0000bc4b   Data         200  coderdisp.o(.constdata)
    cDimmingType                             0x0000bd13   Data          40  coderdisp.o(.constdata)
    cDimmingChannel                          0x0000bd3b   Data          80  coderdisp.o(.constdata)
    cSoundType                               0x0000bd8b   Data         340  coderdisp.o(.constdata)
    cMotorMicOrDegreeType                    0x0000bedf   Data         200  coderdisp.o(.constdata)
    cMotorVehicleType                        0x0000bfa7   Data          80  coderdisp.o(.constdata)
    cMotorType                               0x0000bff7   Data         100  coderdisp.o(.constdata)
    cFuelADCInputType                        0x0000c05b   Data          80  coderdisp.o(.constdata)
    cCaliADCInputType                        0x0000c0ab   Data          80  coderdisp.o(.constdata)
    cAnaInputByOhmType                       0x0000c0fb   Data          80  coderdisp.o(.constdata)
    cAudioVolumeInputType                    0x0000c14b   Data          40  coderdisp.o(.constdata)
    cSiwalaInputType                         0x0000c173   Data         180  coderdisp.o(.constdata)
    MainMenu_Context                         0x0000c228   Data         175  menudisp.o(.constdata)
    SecMenuSessionContext                    0x0000c2d7   Data          70  menudisp.o(.constdata)
    SecMenuReadDataByIDContext               0x0000c31d   Data         735  menudisp.o(.constdata)
    SecIOControlContext                      0x0000c5fc   Data         770  menudisp.o(.constdata)
    SecMenuRoutineContext                    0x0000c8fe   Data         350  menudisp.o(.constdata)
    SecMenuAlexContext                       0x0000ca5c   Data          70  menudisp.o(.constdata)
    SubSecMenuEnterSessionContext            0x0000caa2   Data          75  menudisp.o(.constdata)
    SubSecMenuExsitSessionContext            0x0000caed   Data          45  menudisp.o(.constdata)
    SubSecMenuLEDContext                     0x0000cb1a   Data          30  menudisp.o(.constdata)
    SubSecMenuLCDContext                     0x0000cb38   Data          15  menudisp.o(.constdata)
    SubSecMenuDimmingContext                 0x0000cb47   Data          45  menudisp.o(.constdata)
    SubSecMenuSoundContext                   0x0000cb74   Data          15  menudisp.o(.constdata)
    SubSecMenuMotorDegreeContext             0x0000cb83   Data          30  menudisp.o(.constdata)
    SubSecMenuMotorVehicleContext            0x0000cba1   Data          30  menudisp.o(.constdata)
    SubSecMenuMotorJumpContext               0x0000cbbf   Data          30  menudisp.o(.constdata)
    SubSecMenuTFTPatternContext              0x0000cbdd   Data          15  menudisp.o(.constdata)
    SubSecMenuSoundVolumeContext             0x0000cbec   Data          15  menudisp.o(.constdata)
    SubSecRoutineContext                     0x0000cbfb   Data          30  menudisp.o(.constdata)
    Region$$Table$$Base                      0x0000ccf0   Number         0  anon$$obj.o(Region$$Table)
    Region$$Table$$Limit                     0x0000cd30   Number         0  anon$$obj.o(Region$$Table)
    _db_msg                                  0x10000000   Data           4  debug_frmwrk.o(.data)
    _db_msg_                                 0x10000004   Data           4  debug_frmwrk.o(.data)
    _db_char                                 0x10000008   Data           4  debug_frmwrk.o(.data)
    _db_dec                                  0x1000000c   Data           4  debug_frmwrk.o(.data)
    _db_dec_16                               0x10000010   Data           4  debug_frmwrk.o(.data)
    _db_dec_32                               0x10000014   Data           4  debug_frmwrk.o(.data)
    _db_hex                                  0x10000018   Data           4  debug_frmwrk.o(.data)
    _db_hex_16                               0x1000001c   Data           4  debug_frmwrk.o(.data)
    _db_hex_32                               0x10000020   Data           4  debug_frmwrk.o(.data)
    _db_hex_                                 0x10000024   Data           4  debug_frmwrk.o(.data)
    _db_hex_16_                              0x10000028   Data           4  debug_frmwrk.o(.data)
    _db_hex_32_                              0x1000002c   Data           4  debug_frmwrk.o(.data)
    _db_get_char                             0x10000030   Data           4  debug_frmwrk.o(.data)
    _db_get_char_nonblocking                 0x10000034   Data           4  debug_frmwrk.o(.data)
    _db_get_val                              0x10000038   Data           4  debug_frmwrk.o(.data)
    OSCtxSwCtr                               0x1000003c   Data           4  os_core.o(.data)
    OSEventFreeList                          0x10000040   Data           4  os_core.o(.data)
    OSFlagFreeList                           0x10000044   Data           4  os_core.o(.data)
    OSCPUUsage                               0x10000048   Data           1  os_core.o(.data)
    OSIdleCtrMax                             0x1000004c   Data           4  os_core.o(.data)
    OSIdleCtrRun                             0x10000050   Data           4  os_core.o(.data)
    OSStatRdy                                0x10000054   Data           1  os_core.o(.data)
    OSIntNesting                             0x10000055   Data           1  os_core.o(.data)
    OSLockNesting                            0x10000056   Data           1  os_core.o(.data)
    OSPrioCur                                0x10000057   Data           1  os_core.o(.data)
    OSPrioHighRdy                            0x10000058   Data           1  os_core.o(.data)
    OSRdyGrp                                 0x10000059   Data           1  os_core.o(.data)
    OSRdyTbl                                 0x1000005a   Data           8  os_core.o(.data)
    OSRunning                                0x10000062   Data           1  os_core.o(.data)
    OSTaskCtr                                0x10000063   Data           1  os_core.o(.data)
    OSIdleCtr                                0x10000064   Data           4  os_core.o(.data)
    OSTCBCur                                 0x10000068   Data           4  os_core.o(.data)
    OSTCBFreeList                            0x1000006c   Data           4  os_core.o(.data)
    OSTCBHighRdy                             0x10000070   Data           4  os_core.o(.data)
    OSTCBList                                0x10000074   Data           4  os_core.o(.data)
    OSTickStepState                          0x10000078   Data           1  os_core.o(.data)
    OSMemFreeList                            0x1000007c   Data           4  os_core.o(.data)
    OSQFreeList                              0x10000080   Data           4  os_core.o(.data)
    OSTime                                   0x10000084   Data           4  os_core.o(.data)
    OSTmrFree                                0x10000088   Data           2  os_core.o(.data)
    OSTmrUsed                                0x1000008a   Data           2  os_core.o(.data)
    OSTmrTime                                0x1000008c   Data           4  os_core.o(.data)
    OSTmrSem                                 0x10000090   Data           4  os_core.o(.data)
    OSTmrSemSignal                           0x10000094   Data           4  os_core.o(.data)
    OSTmrFreeList                            0x10000098   Data           4  os_core.o(.data)
    LCD_aAPI                                 0x100000a8   Data           4  lcd_api.o(.data)
    pLCDBuf                                  0x100000ac   Data           4  lcdeval.o(.data)
    RoutineDispContext                       0x100000c4   Data          20  blockdisp.o(.data)
    TXReadDataByIDBuffer                     0x100000ec   Data           8  readdatabyidcontrol.o(.data)
    TXReadDataByIDBufferID                   0x100000f4   Data          44  readdatabyidcontrol.o(.data)
    GUI_Heap                                 0x10000120   Data       20480  guialloc.o(.bss)
    GUI_ALLOC                                0x10006530   Data          20  guialloc.o(.bss)
    receiveBuff                              0x10009d94   Data        2048  uart_handling.o(.bss)
    SystemCoreClock                          0x20000000   Data           4  system_lpc177x_8x.o(.data)
    PeripheralClock                          0x20000004   Data           4  system_lpc177x_8x.o(.data)
    EMCClock                                 0x20000008   Data           4  system_lpc177x_8x.o(.data)
    USBClock                                 0x2000000c   Data           4  system_lpc177x_8x.o(.data)
    GUI_DecChar                              0x20000014   Data           1  guicore.o(.data)
    GUI_pfTimerExec                          0x20000018   Data           4  guicore.o(.data)
    WM_pfHandlePID                           0x2000001c   Data           4  guicore.o(.data)
    GUI_pfDispCharStyle                      0x20000020   Data           4  guicore.o(.data)
    GUI_pLCD_APIList                         0x20000024   Data           4  guicore.o(.data)
    GUI_CURSOR_pfTempHide                    0x20000028   Data           4  guicore.o(.data)
    GUI_CURSOR_pfTempUnhide                  0x2000002c   Data           4  guicore.o(.data)
    MenuDispContext                          0x20000044   Data          80  menudisp.o(.data)
    bClusterAvailable                        0x20000094   Data           1  menudisp.o(.data)
    bClusterManuModeAvailable                0x20000095   Data           1  menudisp.o(.data)
    CurManuSelected_Struc                    0x20000096   Data           9  menudisp.o(.data)
    u8CoderValState                          0x2000009f   Data           1  menudisp.o(.data)
    u8UpDownValState                         0x200000a0   Data           1  menudisp.o(.data)
    u8LeftRightValState                      0x200000a1   Data           1  menudisp.o(.data)
    CANRXProcess_Timer_Count                 0x200000a2   Data           1  menudisp.o(.data)
    ProCoderValSem                           0x200000a4   Data           4  menudisp.o(.data)
    ProOKButtonSem                           0x200000a8   Data           4  menudisp.o(.data)
    ProLeftRightButtonSem                    0x200000ac   Data           4  menudisp.o(.data)
    ProUpDownButtonSem                       0x200000b0   Data           4  menudisp.o(.data)
    CANRXProcess_Timer                       0x200000b4   Data           4  menudisp.o(.data)
    CANRXProcess_TimerAlex                   0x200000b8   Data           4  menudisp.o(.data)
    bCAN_SendMSGING                          0x200000bc   Data           1  can_handling.o(.data)
    bCAN_ReceiveMSGING                       0x200000bd   Data           1  can_handling.o(.data)
    CAN_MSGRXControlType                     0x200000be   Data           1  can_handling.o(.data)
    CAN_MSGRXControlID                       0x200000c0   Data           2  can_handling.o(.data)
    PositiveRes_Flag                         0x200000c2   Data           1  can_handling.o(.data)
    u8ControlType                            0x200000c3   Data           1  can_handling.o(.data)
    u16ControlID                             0x200000c4   Data           2  can_handling.o(.data)
    LEDControlTXMSGBuffer                    0x200000c6   Data          48  can_handling.o(.data)
    seed                                     0x200000f6   Data           4  can_handling.o(.data)
    key                                      0x200000fa   Data           4  can_handling.o(.data)
    isSmileRunning                           0x200000fe   Data           1  can_handling.o(.data)
    SmileStep                                0x200000ff   Data           1  can_handling.o(.data)
    pageIndex                                0x20000100   Data           2  can_handling.o(.data)
    PC                                       0x20000104   Data           4  can_handling.o(.data)
    PC_last                                  0x20000108   Data           4  can_handling.o(.data)
    Tx8                                      0x2000010c   Data           8  can_handling.o(.data)
    Tx8_SecurityAccess1                      0x20000114   Data           8  can_handling.o(.data)
    Tx8_SecurityAccess2                      0x2000011c   Data           8  can_handling.o(.data)
    Tx8_CheckProgrammingDependencies         0x20000124   Data           8  can_handling.o(.data)
    Tx8_reset_ECU                            0x2000012c   Data           8  can_handling.o(.data)
    TXInputOutputControl                     0x20000134   Data           8  iocontrol.o(.data)
    LECControlTXMSGLastBye                   0x2000013c   Data          10  iocontrol.o(.data)
    SoundType                                0x20000146   Data          17  iocontrol.o(.data)
    MotorType                                0x20000157   Data          10  iocontrol.o(.data)
    u8LEDControl_Data                        0x20000161   Data           1  iocontrol.o(.data)
    IOControl_ID                             0x20000162   Data          22  iocontrol.o(.data)
    TXRoutineControl                         0x20000178   Data           8  routinecontrol.o(.data)
    RoutineControl_ID                        0x20000180   Data          10  routinecontrol.o(.data)
    TXSessionBuffer                          0x2000018a   Data           8  sessioncontrol.o(.data)
    RxIndex                                  0x20000194   Data           4  uart_handling.o(.data)
    PageIndex                                0x20000198   Data           2  uart_handling.o(.data)
    returnChar                               0x2000019a   Data           2  uart_handling.o(.data)
    OSEventTbl                               0x2000019c   Data         360  os_core.o(.bss)
    OSFlagTbl                                0x20000304   Data         140  os_core.o(.bss)
    OSTaskStatStk                            0x20000390   Data         512  os_core.o(.bss)
    OSTaskIdleStk                            0x20000590   Data         512  os_core.o(.bss)
    OSTCBPrioTbl                             0x20000790   Data         256  os_core.o(.bss)
    OSTCBTbl                                 0x20000890   Data        2024  os_core.o(.bss)
    OSMemTbl                                 0x20001078   Data         180  os_core.o(.bss)
    OSQTbl                                   0x2000112c   Data          96  os_core.o(.bss)
    OSTmrTbl                                 0x2000118c   Data         832  os_core.o(.bss)
    OSTmrTaskStk                             0x200014cc   Data         512  os_core.o(.bss)
    OSTmrWheelTbl                            0x200016cc   Data          64  os_core.o(.bss)
    GUI_Context                              0x2000170c   Data          80  guicore.o(.bss)
    RXDataBuffer                             0x2000175c   Data          21  can_handling.o(.bss)
    readNand2048                             0x20001771   Data        2048  can_handling.o(.bss)
    TXMsg                                    0x20002374   Data          16  can_handling.o(.bss)
    RXMsg                                    0x20002384   Data          16  can_handling.o(.bss)
    __initial_sp                             0x20002598   Data           0  startup_lpc177x_8x.o(STACK)



==============================================================================

Memory Map of the image

  Image Entry point : 0x000000e5

  Load Region LR_IROM1 (Base: 0x00000000, Size: 0x0000cfec, Max: 0x00080000, ABSOLUTE, COMPRESSED[0x0000cf30])

    Execution Region ER_IROM1 (Base: 0x00000000, Size: 0x0000cd30, Max: 0x00080000, ABSOLUTE)

    Base Addr    Size         Type   Attr      Idx    E Section Name        Object

    0x00000000   0x000000e4   Data   RO            3    RESET               startup_lpc177x_8x.o
    0x000000e4   0x00000000   Code   RO        10601  * .ARM.Collect$$$$00000000  mc_w.l(entry.o)
    0x000000e4   0x00000004   Code   RO        10935    .ARM.Collect$$$$00000001  mc_w.l(entry2.o)
    0x000000e8   0x00000004   Code   RO        10938    .ARM.Collect$$$$00000004  mc_w.l(entry5.o)
    0x000000ec   0x00000000   Code   RO        10940    .ARM.Collect$$$$00000008  mc_w.l(entry7b.o)
    0x000000ec   0x00000000   Code   RO        10942    .ARM.Collect$$$$0000000A  mc_w.l(entry8b.o)
    0x000000ec   0x00000008   Code   RO        10943    .ARM.Collect$$$$0000000B  mc_w.l(entry9a.o)
    0x000000f4   0x00000000   Code   RO        10945    .ARM.Collect$$$$0000000D  mc_w.l(entry10a.o)
    0x000000f4   0x00000000   Code   RO        10947    .ARM.Collect$$$$0000000F  mc_w.l(entry11a.o)
    0x000000f4   0x00000004   Code   RO        10936    .ARM.Collect$$$$00002712  mc_w.l(entry2.o)
    0x000000f8   0x00000020   Code   RO            5    .text               startup_lpc177x_8x.o
    0x00000118   0x000000a4   Code   RO         1367    .text               os_cpu_a.o
    0x000001bc   0x00000062   Code   RO        10604    .text               mc_w.l(uldiv.o)
    0x0000021e   0x00000040   Code   RO        10608    .text               mc_w.l(memmovea.o)
    0x0000025e   0x0000001e   Code   RO        10954    .text               mc_w.l(llshl.o)
    0x0000027c   0x00000020   Code   RO        10956    .text               mc_w.l(llushr.o)
    0x0000029c   0x00000024   Code   RO        10984    .text               mc_w.l(init.o)
    0x000002c0   0x0000002c   Code   RO         9619    i.ADCInputReadingRoutineSubMenuDispCallback  coderdisp.o
    0x000002ec   0x00000002   Code   RO         9308    i.App_TCBInitHook   main.o
    0x000002ee   0x00000008   Code   RO         9309    i.App_TaskCreate    main.o
    0x000002f6   0x00000002   Code   RO         9310    i.App_TaskCreateHook  main.o
    0x000002f8   0x00000002   Code   RO         9311    i.App_TaskDelHook   main.o
    0x000002fa   0x00000002   Code   RO         9312    i.App_TaskIdleHook  main.o
    0x000002fc   0x00000004   Code   RO            4    .ARM.__at_0x02FC    startup_lpc177x_8x.o
    0x00000300   0x0000005c   Code   RO        10996    .text               mc_w.l(__dczerorl2.o)
    0x0000035c   0x00000066   Code   RO         9528    i.ADCInputReadingRoutineCallback  coderprocess.o
    0x000003c2   0x00000002   PAD
    0x000003c4   0x0000003c   Code   RO         9723    i.APP_UCGUI_Init    menudisp.o
    0x00000400   0x00000020   Code   RO        10252    i.AlexRequest       readdatabyidcontrol.o
    0x00000420   0x0000002c   Code   RO         9620    i.AnalogInputReadingByOhmRoutineSubMenuDispCallback  coderdisp.o
    0x0000044c   0x00000078   Code   RO         9313    i.App_TaskStart     main.o
    0x000004c4   0x00000002   Code   RO         9314    i.App_TaskStatHook  main.o
    0x000004c6   0x00000002   Code   RO         9315    i.App_TaskSwHook    main.o
    0x000004c8   0x00000002   Code   RO         9316    i.App_TimeTickHook  main.o
    0x000004ca   0x00000002   PAD
    0x000004cc   0x00000148   Code   RO         9724    i.App_UCGUI_TaskCreate  menudisp.o
    0x00000614   0x00000066   Code   RO         9529    i.AudioVolumeInputReadingRoutineCallback  coderprocess.o
    0x0000067a   0x00000002   PAD
    0x0000067c   0x0000002c   Code   RO         9621    i.AudioVolumeInputReadingRoutineSubMenuDispCallback  coderdisp.o
    0x000006a8   0x00000114   Code   RO         9213    i.BSP_KEY_Init      bsp.o
    0x000007bc   0x00000002   Code   RO         9214    i.BSP_LED_Init      bsp.o
    0x000007be   0x00000002   PAD
    0x000007c0   0x00000050   Code   RO         9417    i.BackButtonBlockDsipCallback  blockdisp.o
    0x00000810   0x00000024   Code   RO         9418    i.BrandInforBlockDsipCallback  blockdisp.o
    0x00000834   0x000001d0   Code   RO         9725    i.CANRXProcesstask  menudisp.o
    0x00000a04   0x00000020   Code   RO         9726    i.CANRXProcesstaskAlex  menudisp.o
    0x00000a24   0x00000064   Code   RO        10306    i.CAN_CRC_Calculate  sessioncontrol.o
    0x00000a88   0x00000024   Code   RO          811    i.CAN_GetPointer    lpc177x_8x_can.o
    0x00000aac   0x00000058   Code   RO          812    i.CAN_IRQCmd        lpc177x_8x_can.o
    0x00000b04   0x0000030c   Code   RO        10179    i.CAN_IRQHandler    can_handling.o
    0x00000e10   0x00000084   Code   RO          813    i.CAN_Init          lpc177x_8x_can.o
    0x00000e94   0x00000010   Code   RO          814    i.CAN_IntGetStatus  lpc177x_8x_can.o
    0x00000ea4   0x000000f6   Code   RO          818    i.CAN_ModeConfig    lpc177x_8x_can.o
    0x00000f9a   0x0000006e   Code   RO          819    i.CAN_ReceiveMsg    lpc177x_8x_can.o
    0x00001008   0x0000019c   Code   RO          821    i.CAN_SendMsg       lpc177x_8x_can.o
    0x000011a4   0x00000038   Code   RO          822    i.CAN_SetAFMode     lpc177x_8x_can.o
    0x000011dc   0x00000030   Code   RO           65    i.CLKPWR_ConfigPPWR  lpc177x_8x_clkpwr.o
    0x0000120c   0x00000040   Code   RO           68    i.CLKPWR_GetCLK     lpc177x_8x_clkpwr.o
    0x0000124c   0x000000b0   Code   RO           70    i.CLKPWR_SetCLKDiv  lpc177x_8x_clkpwr.o
    0x000012fc   0x00000040   Code   RO         9419    i.CableConnectionBlockDsipCallback  blockdisp.o
    0x0000133c   0x000000a4   Code   RO         9420    i.CaliAnologInputBlockDsipCallback  blockdisp.o
    0x000013e0   0x0000002c   Code   RO         9622    i.CaliInputReadingRoutineSubMenuDispCallback  coderdisp.o
    0x0000140c   0x00000094   Code   RO         9727    i.ClusterInforInit  menudisp.o
    0x000014a0   0x00000114   Code   RO         9728    i.ClusterStatus     menudisp.o
    0x000015b4   0x0000035c   Code   RO         9729    i.CommuniteStatus   menudisp.o
    0x00001910   0x000000f0   Code   RO         9730    i.CurMenuInit       menudisp.o
    0x00001a00   0x00000110   Code   RO         9731    i.CurMenuUpdate     menudisp.o
    0x00001b10   0x00000038   Code   RO         9421    i.CurrentButtonBlockDsipCallback  blockdisp.o
    0x00001b48   0x000000a2   Code   RO         9530    i.DimmingIOControlCallback  coderprocess.o
    0x00001bea   0x00000002   PAD
    0x00001bec   0x00000048   Code   RO         9623    i.DimmingIOControlSubMenuDispCallback  coderdisp.o
    0x00001c34   0x00000018   Code   RO         9732    i.DispAlex          menudisp.o
    0x00001c4c   0x0000008c   Code   RO         9733    i.DispBlockContext  menudisp.o
    0x00001cd8   0x00000050   Code   RO         9422    i.EEPSWVersionBlockDsipCallback  blockdisp.o
    0x00001d28   0x0000002c   Code   RO         9903    i.EMC_NAND_EraseSingleBlock  emc_nand.o
    0x00001d54   0x0000002a   Code   RO         9904    i.EMC_NAND_GetStatus  emc_nand.o
    0x00001d7e   0x0000007a   Code   RO         9905    i.EMC_NAND_Init     emc_nand.o
    0x00001df8   0x00000048   Code   RO         9907    i.EMC_NAND_ReadSinglePage  emc_nand.o
    0x00001e40   0x0000002c   Code   RO         9910    i.EMC_NAND_ReadStatus  emc_nand.o
    0x00001e6c   0x0000004c   Code   RO         9913    i.EMC_NAND_WriteSinglePage  emc_nand.o
    0x00001eb8   0x0000003c   Code   RO          149    i.EMC_PwrOn         lpc177x_8x_emc.o
    0x00001ef4   0x000001c4   Code   RO          152    i.EMC_SetStaMemoryParameter  lpc177x_8x_emc.o
    0x000020b8   0x000000b8   Code   RO          154    i.EMC_StaMemConfigEW  lpc177x_8x_emc.o
    0x00002170   0x000000d0   Code   RO          155    i.EMC_StaMemConfigMW  lpc177x_8x_emc.o
    0x00002240   0x000000b8   Code   RO          156    i.EMC_StaMemConfigPB  lpc177x_8x_emc.o
    0x000022f8   0x000000b8   Code   RO          158    i.EMC_StaMemConfigPM  lpc177x_8x_emc.o
    0x000023b0   0x00000030   Code   RO         9423    i.ExternalDigitalBlockDsipCallback  blockdisp.o
    0x000023e0   0x00000072   Code   RO         9734    i.FindCoderRotatedIndex  menudisp.o
    0x00002452   0x00000054   Code   RO         9735    i.FindStructrueIndex  menudisp.o
    0x000024a6   0x00000002   PAD
    0x000024a8   0x000001fc   Code   RO        10016    i.GLCD_Config       glcd.o
    0x000026a4   0x00000064   Code   RO        10018    i.GLCD_Ctrl         glcd.o
    0x00002708   0x00000014   Code   RO        10023    i.GLCD_Init         glcd.o
    0x0000271c   0x00000020   Code   RO          581    i.GPIO_ClearInt     lpc177x_8x_gpio.o
    0x0000273c   0x00000014   Code   RO          582    i.GPIO_ClearValue   lpc177x_8x_gpio.o
    0x00002750   0x00000068   Code   RO          584    i.GPIO_GetIntStatus  lpc177x_8x_gpio.o
    0x000027b8   0x00000040   Code   RO          585    i.GPIO_GetPointer   lpc177x_8x_gpio.o
    0x000027f8   0x00000044   Code   RO         9736    i.GPIO_IRQHandler   menudisp.o
    0x0000283c   0x0000000c   Code   RO          586    i.GPIO_Init         lpc177x_8x_gpio.o
    0x00002848   0x00000048   Code   RO          587    i.GPIO_IntCmd       lpc177x_8x_gpio.o
    0x00002890   0x00000016   Code   RO          589    i.GPIO_ReadValue    lpc177x_8x_gpio.o
    0x000028a6   0x00000028   Code   RO          590    i.GPIO_SetDir       lpc177x_8x_gpio.o
    0x000028ce   0x00000014   Code   RO          591    i.GPIO_SetValue     lpc177x_8x_gpio.o
    0x000028e2   0x00000002   PAD
    0x000028e4   0x00000118   Code   RO         5855    i.GUIPROP_DispChar  guicharp.o
    0x000029fc   0x0000001a   Code   RO         5856    i.GUIPROP_FindChar  guicharp.o
    0x00002a16   0x00000002   PAD
    0x00002a18   0x00000030   Code   RO         5857    i.GUIPROP_GetCharDistX  guicharp.o
    0x00002a48   0x00000008   Code   RO         5858    i.GUIPROP_GetFontInfo  guicharp.o
    0x00002a50   0x0000001a   Code   RO         5859    i.GUIPROP_IsInFont  guicharp.o
    0x00002a6a   0x00000002   PAD
    0x00002a6c   0x00000040   Code   RO         6226    i.GUITASK_CopyContext  guitask.o
    0x00002aac   0x00000014   Code   RO         6227    i.GUITASK_Init      guitask.o
    0x00002ac0   0x0000001c   Code   RO         5632    i.GUI_ALLOC_h2p     guialloc.o
    0x00002adc   0x00000084   Code   RO         3338    i.GUI_AddDecShift   gui_adddecshift.o
    0x00002b60   0x00000038   Code   RO         3374    i.GUI_AddHex        gui_addhex.o
    0x00002b98   0x0000001a   Code   RO         5961    i.GUI_Clear         guicore.o
    0x00002bb2   0x00000032   Code   RO         5962    i.GUI_ClearRect     guicore.o
    0x00002be4   0x00000012   Code   RO         6367    i.GUI_DispDec       guival.o
    0x00002bf6   0x00000020   Code   RO         6370    i.GUI_DispDecShift  guival.o
    0x00002c16   0x0000001c   Code   RO         3976    i.GUI_DispHex       gui_disphex.o
    0x00002c32   0x00000002   PAD
    0x00002c34   0x0000014c   Code   RO         3994    i.GUI_DispString    gui_dispstring.o
    0x00002d80   0x00000024   Code   RO         4405    i.GUI_FillRect      gui_fillrect.o
    0x00002da4   0x0000001a   Code   RO         4417    i.GUI_FillRectEx    gui_fillrectex.o
    0x00002dbe   0x0000001a   Code   RO         4465    i.GUI_GetBkColor    gui_getcolor.o
    0x00002dd8   0x00000020   Code   RO         5762    i.GUI_GetCharDistX  guichar.o
    0x00002df8   0x0000001a   Code   RO         4467    i.GUI_GetColor      gui_getcolor.o
    0x00002e12   0x00000002   PAD
    0x00002e14   0x00000024   Code   RO         5763    i.GUI_GetFontDistY  guichar.o
    0x00002e38   0x00000054   Code   RO         5764    i.GUI_GetYAdjust    guichar.o
    0x00002e8c   0x00000022   Code   RO         4642    i.GUI_GotoXY        gui_goto.o
    0x00002eae   0x00000002   PAD
    0x00002eb0   0x0000002c   Code   RO         5963    i.GUI_Init          guicore.o
    0x00002edc   0x000000a4   Code   RO         6228    i.GUI_Lock          guitask.o
    0x00002f80   0x0000001c   Code   RO         8212    i.GUI_MEMDEV__Color2Index  guidev.o
    0x00002f9c   0x00000018   Code   RO         8214    i.GUI_MEMDEV__GetIndexMask  guidev.o
    0x00002fb4   0x00000038   Code   RO         8215    i.GUI_MEMDEV__GetRect  guidev.o
    0x00002fec   0x0000001c   Code   RO         8216    i.GUI_MEMDEV__Index2Color  guidev.o
    0x00003008   0x0000003a   Code   RO         4926    i.GUI_RectsIntersect  gui_rectsintersect.o
    0x00003042   0x00000014   Code   RO         4980    i.GUI_SetBkColor    gui_setcolor.o
    0x00003056   0x00000014   Code   RO         4981    i.GUI_SetColor      gui_setcolor.o
    0x0000306a   0x00000002   PAD
    0x0000306c   0x00000020   Code   RO         5064    i.GUI_SetFont       gui_setfont.o
    0x0000308c   0x00000028   Code   RO         5411    i.GUI_UC__GetCharCodeInc  gui_uc.o
    0x000030b4   0x00000030   Code   RO         5413    i.GUI_UC__NumChars2NumBytes  gui_uc.o
    0x000030e4   0x00000032   Code   RO         8871    i.GUI_USAGE_AddRect  guidev_usage.o
    0x00003116   0x00000002   PAD
    0x00003118   0x00000018   Code   RO         6229    i.GUI_Unlock        guitask.o
    0x00003130   0x00000010   Code   RO         9095    i.GUI_X_GetTaskId   gui_x_ucos.o
    0x00003140   0x00000014   Code   RO         9097    i.GUI_X_Init        gui_x_ucos.o
    0x00003154   0x00000020   Code   RO         9098    i.GUI_X_InitOS      gui_x_ucos.o
    0x00003174   0x00000014   Code   RO         9099    i.GUI_X_Lock        gui_x_ucos.o
    0x00003188   0x00000010   Code   RO         9103    i.GUI_X_Unlock      gui_x_ucos.o
    0x00003198   0x00000044   Code   RO         5796    i.GUI__DispLine     guicharline.o
    0x000031dc   0x00000044   Code   RO         5797    i.GUI__GetLineDistX  guicharline.o
    0x00003220   0x00000044   Code   RO         5798    i.GUI__GetLineNumChars  guicharline.o
    0x00003264   0x0000004e   Code   RO         3153    i.GUI__memset16     gui__memset16.o
    0x000032b2   0x00000002   PAD
    0x000032b4   0x00000168   Code   RO        10228    i.IOControlCallback  iocontrol.o
    0x0000341c   0x0000007a   Code   RO         9737    i.ISThereSubMenu    menudisp.o
    0x00003496   0x00000002   PAD
    0x00003498   0x0000003c   Code   RO        10307    i.JCIManuONOFFControl  sessioncontrol.o
    0x000034d4   0x00000038   Code   RO        10308    i.JCIResetControl   sessioncontrol.o
    0x0000350c   0x00000040   Code   RO        10309    i.JCISessionControl  sessioncontrol.o
    0x0000354c   0x00000040   Code   RO         9424    i.KeyIDBlockDsipCallback  blockdisp.o
    0x0000358c   0x00000030   Code   RO         9531    i.LCDIOControlCallback  coderprocess.o
    0x000035bc   0x00000020   Code   RO         9624    i.LCDIOControlSubMenuDispCallback  coderdisp.o
    0x000035dc   0x00000038   Code   RO        10027    i.LCD_ClockDivide   glcd.o
    0x00003614   0x00000014   Code   RO         6456    i.LCD_Color2Index   lcd.o
    0x00003628   0x0000001a   Code   RO         2817    i.LCD_Color2Index_M565  lcdpm565.o
    0x00003642   0x00000002   PAD
    0x00003644   0x0000023c   Code   RO         6457    i.LCD_DrawBitmap    lcd.o
    0x00003880   0x0000005c   Code   RO         6458    i.LCD_DrawHLine     lcd.o
    0x000038dc   0x00000064   Code   RO         6459    i.LCD_DrawPixel     lcd.o
    0x00003940   0x00000074   Code   RO         6460    i.LCD_FillRect      lcd.o
    0x000039b4   0x0000000c   Code   RO         6615    i.LCD_GetBkColorIndex  lcd_getcolorindex.o
    0x000039c0   0x0000000c   Code   RO         6616    i.LCD_GetColorIndex  lcd_getcolorindex.o
    0x000039cc   0x00000006   Code   RO         2818    i.LCD_GetIndexMask_M565  lcdpm565.o
    0x000039d2   0x00000002   PAD
    0x000039d4   0x00000014   Code   RO         6461    i.LCD_Index2Color   lcd.o
    0x000039e8   0x00000038   Code   RO         7311    i.LCD_Index2Color_M565  lcdpm565_index2color.o
    0x00003a20   0x00000034   Code   RO         6462    i.LCD_Init          lcd.o
    0x00003a54   0x00000002   Code   RO         7067    i.LCD_InitLUT       lcdcolor.o
    0x00003a56   0x00000010   Code   RO         6765    i.LCD_L0_Color2Index  lcd_l0_generic.o
    0x00003a66   0x000000a4   Code   RO         8100    i.LCD_L0_DrawBitmap  lcdeval.o
    0x00003b0a   0x00000002   PAD
    0x00003b0c   0x00000044   Code   RO         8101    i.LCD_L0_DrawHLine  lcdeval.o
    0x00003b50   0x00000044   Code   RO         8102    i.LCD_L0_DrawVLine  lcdeval.o
    0x00003b94   0x00000024   Code   RO         8103    i.LCD_L0_FillRect   lcdeval.o
    0x00003bb8   0x00000008   Code   RO         6766    i.LCD_L0_GetIndexMask  lcd_l0_generic.o
    0x00003bc0   0x0000001c   Code   RO         8104    i.LCD_L0_GetPixelIndex  lcdeval.o
    0x00003bdc   0x00000014   Code   RO         6767    i.LCD_L0_GetRect    lcd_l0_generic.o
    0x00003bf0   0x0000000c   Code   RO         6768    i.LCD_L0_Index2Color  lcd_l0_generic.o
    0x00003bfc   0x0000000a   Code   RO         8105    i.LCD_L0_Init       lcdeval.o
    0x00003c06   0x00000002   Code   RO         8107    i.LCD_L0_On         lcdeval.o
    0x00003c08   0x00000006   Code   RO         8108    i.LCD_L0_SetLUTEntry  lcdeval.o
    0x00003c0e   0x00000002   PAD
    0x00003c10   0x00000024   Code   RO         8110    i.LCD_L0_SetPixelIndex  lcdeval.o
    0x00003c34   0x00000020   Code   RO         8111    i.LCD_L0_XorPixel   lcdeval.o
    0x00003c54   0x00000024   Code   RO         6463    i.LCD_SetBkColor    lcd.o
    0x00003c78   0x00000018   Code   RO         6464    i.LCD_SetBkColorIndex  lcd.o
    0x00003c90   0x00000014   Code   RO         6465    i.LCD_SetClipRectMax  lcd.o
    0x00003ca4   0x00000024   Code   RO         6466    i.LCD_SetColor      lcd.o
    0x00003cc8   0x00000018   Code   RO         6467    i.LCD_SetColorIndex  lcd.o
    0x00003ce0   0x0000002c   Code   RO         6468    i.LCD_SetDrawMode   lcd.o
    0x00003d0c   0x0000004a   Code   RO         9532    i.LEDIOControlCallback  coderprocess.o
    0x00003d56   0x00000002   PAD
    0x00003d58   0x00000040   Code   RO         9625    i.LEDIOControlSubMenuDispCallback  coderdisp.o
    0x00003d98   0x00000060   Code   RO         9425    i.MotorInputOutputPointBlockDsipCallback  blockdisp.o
    0x00003df8   0x000000c2   Code   RO         9533    i.MotorJumpInustepIOControlCallback  coderprocess.o
    0x00003eba   0x00000002   PAD
    0x00003ebc   0x00000038   Code   RO         9626    i.MotorJumpInustepIOControlSubMenuDispCallback  coderdisp.o
    0x00003ef4   0x0000007a   Code   RO         9534    i.MotorMicOrDegreeIOControlCallback  coderprocess.o
    0x00003f6e   0x00000002   PAD
    0x00003f70   0x00000038   Code   RO         9627    i.MotorMicOrDegreeIOControlSubMenuDispCallback  coderdisp.o
    0x00003fa8   0x000000a2   Code   RO         9535    i.MotorVehicleIOControlCallback  coderprocess.o
    0x0000404a   0x00000002   PAD
    0x0000404c   0x00000038   Code   RO         9628    i.MotorVehicleIOControlSubMenuDispCallback  coderdisp.o
    0x00004084   0x00000012   Code   RO         9916    i.NandFlash_WaitForReady  emc_nand.o
    0x00004096   0x00000002   PAD
    0x00004098   0x00000114   Code   RO         1464    i.OSDebugInit       os_dbg.o
    0x000041ac   0x00000038   Code   RO         1489    i.OSInit            os_core.o
    0x000041e4   0x0000000c   Code   RO         1371    i.OSInitHookBegin   os_cpu_c.o
    0x000041f0   0x00000002   Code   RO         1372    i.OSInitHookEnd     os_cpu_c.o
    0x000041f2   0x00000002   PAD
    0x000041f4   0x00000090   Code   RO         1491    i.OSIntExit         os_core.o
    0x00004284   0x00000058   Code   RO         1786    i.OSMboxCreate      os_mbox.o
    0x000042dc   0x00000040   Code   RO         1492    i.OSSchedLock       os_core.o
    0x0000431c   0x00000060   Code   RO         1493    i.OSSchedUnlock     os_core.o
    0x0000437c   0x00000058   Code   RO         2007    i.OSSemCreate       os_sem.o
    0x000043d4   0x000000f8   Code   RO         2009    i.OSSemPend         os_sem.o
    0x000044cc   0x00000058   Code   RO         2011    i.OSSemPost         os_sem.o
    0x00004524   0x00000048   Code   RO         1494    i.OSStart           os_core.o
    0x0000456c   0x0000004c   Code   RO         1495    i.OSStatInit        os_core.o
    0x000045b8   0x0000000c   Code   RO         1373    i.OSTCBInitHook     os_cpu_c.o
    0x000045c4   0x000000a4   Code   RO         2061    i.OSTaskCreate      os_task.o
    0x00004668   0x000000b8   Code   RO         2062    i.OSTaskCreateExt   os_task.o
    0x00004720   0x0000000c   Code   RO         1374    i.OSTaskCreateHook  os_cpu_c.o
    0x0000472c   0x00000168   Code   RO         2063    i.OSTaskDel         os_task.o
    0x00004894   0x0000000c   Code   RO         1375    i.OSTaskDelHook     os_cpu_c.o
    0x000048a0   0x00000008   Code   RO         1376    i.OSTaskIdleHook    os_cpu_c.o
    0x000048a8   0x00000090   Code   RO         2066    i.OSTaskNameSet     os_task.o
    0x00004938   0x00000008   Code   RO         1377    i.OSTaskStatHook    os_cpu_c.o
    0x00004940   0x0000008c   Code   RO         2069    i.OSTaskStkChk      os_task.o
    0x000049cc   0x0000009a   Code   RO         1378    i.OSTaskStkInit     os_cpu_c.o
    0x00004a66   0x00000002   PAD
    0x00004a68   0x000000a8   Code   RO         2070    i.OSTaskSuspend     os_task.o
    0x00004b10   0x00000008   Code   RO         1379    i.OSTaskSwHook      os_cpu_c.o
    0x00004b18   0x00000070   Code   RO         2138    i.OSTimeDly         os_time.o
    0x00004b88   0x00000074   Code   RO         2139    i.OSTimeDlyHMSM     os_time.o
    0x00004bfc   0x000000f4   Code   RO         1496    i.OSTimeTick        os_core.o
    0x00004cf0   0x00000028   Code   RO         1380    i.OSTimeTickHook    os_cpu_c.o
    0x00004d18   0x00000060   Code   RO         2174    i.OSTmrCreate       os_tmr.o
    0x00004d78   0x00000014   Code   RO         2177    i.OSTmrSignal       os_tmr.o
    0x00004d8c   0x00000084   Code   RO         2178    i.OSTmrStart        os_tmr.o
    0x00004e10   0x000000b8   Code   RO         2180    i.OSTmrStop         os_tmr.o
    0x00004ec8   0x00000040   Code   RO         2181    i.OSTmr_Alloc       os_tmr.o
    0x00004f08   0x000000b8   Code   RO         2183    i.OSTmr_Init        os_tmr.o
    0x00004fc0   0x00000034   Code   RO         2184    i.OSTmr_InitTask    os_tmr.o
    0x00004ff4   0x0000006c   Code   RO         2185    i.OSTmr_Link        os_tmr.o
    0x00005060   0x00000080   Code   RO         2186    i.OSTmr_Task        os_tmr.o
    0x000050e0   0x00000044   Code   RO         2187    i.OSTmr_Unlink      os_tmr.o
    0x00005124   0x00000028   Code   RO         1381    i.OS_CPU_SysTickHandler  os_cpu_c.o
    0x0000514c   0x00000002   Code   RO         1498    i.OS_Dummy          os_core.o
    0x0000514e   0x00000002   PAD
    0x00005150   0x00000094   Code   RO         1499    i.OS_EventTaskRdy   os_core.o
    0x000051e4   0x0000002a   Code   RO         1500    i.OS_EventTaskRemove  os_core.o
    0x0000520e   0x0000003c   Code   RO         1501    i.OS_EventTaskRemoveMulti  os_core.o
    0x0000524a   0x00000002   PAD
    0x0000524c   0x0000007c   Code   RO         1502    i.OS_EventTaskWait  os_core.o
    0x000052c8   0x0000001c   Code   RO         1504    i.OS_EventWaitListInit  os_core.o
    0x000052e4   0x0000004c   Code   RO         1713    i.OS_FlagInit       os_flag.o
    0x00005330   0x00000024   Code   RO         1715    i.OS_FlagUnlink     os_flag.o
    0x00005354   0x00000050   Code   RO         1505    i.OS_InitEventList  os_core.o
    0x000053a4   0x00000054   Code   RO         1506    i.OS_InitMisc       os_core.o
    0x000053f8   0x00000048   Code   RO         1507    i.OS_InitRdyList    os_core.o
    0x00005440   0x00000068   Code   RO         1508    i.OS_InitTCBList    os_core.o
    0x000054a8   0x00000050   Code   RO         1509    i.OS_InitTaskIdle   os_core.o
    0x000054f8   0x00000050   Code   RO         1510    i.OS_InitTaskStat   os_core.o
    0x00005548   0x00000012   Code   RO         1511    i.OS_MemClr         os_core.o
    0x0000555a   0x00000002   PAD
    0x0000555c   0x0000004c   Code   RO         1845    i.OS_MemInit        os_mem.o
    0x000055a8   0x00000038   Code   RO         1944    i.OS_QInit          os_q.o
    0x000055e0   0x00000074   Code   RO         1513    i.OS_Sched          os_core.o
    0x00005654   0x0000002c   Code   RO         1514    i.OS_SchedNew       os_core.o
    0x00005680   0x0000001c   Code   RO         1515    i.OS_StrCopy        os_core.o
    0x0000569c   0x00000014   Code   RO         1516    i.OS_StrLen         os_core.o
    0x000056b0   0x00000134   Code   RO         1517    i.OS_TCBInit        os_core.o
    0x000057e4   0x00000024   Code   RO         1518    i.OS_TaskIdle       os_core.o
    0x00005808   0x00000088   Code   RO         1519    i.OS_TaskStat       os_core.o
    0x00005890   0x0000003c   Code   RO         1520    i.OS_TaskStatStkChk  os_core.o
    0x000058cc   0x0000001a   Code   RO         2071    i.OS_TaskStkClr     os_task.o
    0x000058e6   0x00000002   PAD
    0x000058e8   0x00000048   Code   RO          354    i.PINSEL_ConfigPin  lpc177x_8x_pinsel.o
    0x00005930   0x000000a4   Code   RO          356    i.PINSEL_GetPinType  lpc177x_8x_pinsel.o
    0x000059d4   0x00000018   Code   RO          366    i.PIN_GetPointer    lpc177x_8x_pinsel.o
    0x000059ec   0x000000dc   Code   RO         9426    i.ReadDTCStatusBlockDsipCallback  blockdisp.o
    0x00005ac8   0x0000006c   Code   RO        10253    i.ReadDataByIDRequest  readdatabyidcontrol.o
    0x00005b34   0x0000002c   Code   RO         9738    i.ReturnHighLightID  menudisp.o
    0x00005b60   0x00000014   Code   RO         9739    i.ReturnStringSize  menudisp.o
    0x00005b74   0x00000070   Code   RO         9427    i.RoutineControlBlockDsipCallback  blockdisp.o
    0x00005be4   0x00000058   Code   RO        10279    i.RoutineControlResultRequest  routinecontrol.o
    0x00005c3c   0x00000060   Code   RO        10280    i.RoutineControlStartRequest  routinecontrol.o
    0x00005c9c   0x000001cc   Code   RO         9292    i.SDRAM_32M_16BIT_Init  sdram_k4s561632c_32m_16bit.o
    0x00005e68   0x00000058   Code   RO        10180    i.SeedToKeyAlex     can_handling.o
    0x00005ec0   0x00000024   Code   RO         9428    i.SelfTestBlockDsipCallback  blockdisp.o
    0x00005ee4   0x0000003c   Code   RO        10181    i.SendService_CAN   can_handling.o
    0x00005f20   0x00000040   Code   RO         9429    i.SerialNumberBlockDsipCallback  blockdisp.o
    0x00005f60   0x00000088   Code   RO        10310    i.SessionControlRequest  sessioncontrol.o
    0x00005fe8   0x00000066   Code   RO         9536    i.SiwalaInputReadingRoutineCallback  coderprocess.o
    0x0000604e   0x00000002   PAD
    0x00006050   0x0000002c   Code   RO         9629    i.SiwalaInputReadingRoutineSubMenuDispCallback  coderdisp.o
    0x0000607c   0x00000030   Code   RO         9537    i.SoundIOControlCallback  coderprocess.o
    0x000060ac   0x0000001c   Code   RO         9630    i.SoundIOControlSubMenuDispCallback  coderdisp.o
    0x000060c8   0x00000030   Code   RO         9538    i.SoundVolumeIOControlCallback  coderprocess.o
    0x000060f8   0x00000010   Code   RO         9631    i.SoundVolumeIOControlSubMenuDispCallback  coderdisp.o
    0x00006108   0x0000010c   Code   RO          161    i.StaticMem_Init    lpc177x_8x_emc.o
    0x00006214   0x00000084   Code   RO         9740    i.SubMenu_PerMenuDisp  menudisp.o
    0x00006298   0x000002d4   Code   RO           24    i.SystemCoreClockUpdate  system_lpc177x_8x.o
    0x0000656c   0x000000f4   Code   RO           25    i.SystemInit        system_lpc177x_8x.o
    0x00006660   0x00000030   Code   RO         9539    i.TFTPatternIOControlCallback  coderprocess.o
    0x00006690   0x00000010   Code   RO         9632    i.TFTPatternIOControlSubMenuDispCallback  coderdisp.o
    0x000066a0   0x00000018   Code   RO         1252    i.TIM_Cmd           lpc177x_8x_timer.o
    0x000066b8   0x000000ac   Code   RO         1254    i.TIM_ConfigMatch   lpc177x_8x_timer.o
    0x00006764   0x000000c4   Code   RO         1260    i.TIM_Init          lpc177x_8x_timer.o
    0x00006828   0x00000012   Code   RO         1261    i.TIM_ResetCounter  lpc177x_8x_timer.o
    0x0000683a   0x00000012   Code   RO         1263    i.TIM_Waitms        lpc177x_8x_timer.o
    0x0000684c   0x00000056   Code   RO         1264    i.TIM_Waitus        lpc177x_8x_timer.o
    0x000068a2   0x00000002   PAD
    0x000068a4   0x000000a8   Code   RO         9430    i.TransponderReadBlockDsipCallback  blockdisp.o
    0x0000694c   0x00000150   Code   RO         9431    i.TransponderWriteBlockDsipCallback  blockdisp.o
    0x00006a9c   0x00000068   Code   RO        10351    i.UART0_IRQHandler  uart_handling.o
    0x00006b04   0x0000001a   Code   RO          946    i.UARTGetChar       debug_frmwrk.o
    0x00006b1e   0x00000022   Code   RO          947    i.UARTGetCharInNonBlock  debug_frmwrk.o
    0x00006b40   0x000001bc   Code   RO          948    i.UARTGetValue      debug_frmwrk.o
    0x00006cfc   0x00000012   Code   RO          949    i.UARTPutChar       debug_frmwrk.o
    0x00006d0e   0x00000060   Code   RO          950    i.UARTPutDec        debug_frmwrk.o
    0x00006d6e   0x000000a0   Code   RO          951    i.UARTPutDec16      debug_frmwrk.o
    0x00006e0e   0x00000002   PAD
    0x00006e10   0x0000012c   Code   RO          952    i.UARTPutDec32      debug_frmwrk.o
    0x00006f3c   0x00000048   Code   RO          953    i.UARTPutHex        debug_frmwrk.o
    0x00006f84   0x00000048   Code   RO          954    i.UARTPutHex16      debug_frmwrk.o
    0x00006fcc   0x0000003a   Code   RO          955    i.UARTPutHex16_     debug_frmwrk.o
    0x00007006   0x00000002   PAD
    0x00007008   0x00000048   Code   RO          956    i.UARTPutHex32      debug_frmwrk.o
    0x00007050   0x0000003a   Code   RO          957    i.UARTPutHex32_     debug_frmwrk.o
    0x0000708a   0x0000003a   Code   RO          958    i.UARTPutHex_       debug_frmwrk.o
    0x000070c4   0x0000001c   Code   RO          959    i.UARTPuts          debug_frmwrk.o
    0x000070e0   0x0000001c   Code   RO          960    i.UARTPuts_         debug_frmwrk.o
    0x000070fc   0x00000012   Code   RO         1065    i.UART_ConfigStructInit  lpc177x_8x_uart.o
    0x0000710e   0x00000002   PAD
    0x00007110   0x00000218   Code   RO         1075    i.UART_Init         lpc177x_8x_uart.o
    0x00007328   0x000000a4   Code   RO         1076    i.UART_IntConfig    lpc177x_8x_uart.o
    0x000073cc   0x000000bc   Code   RO         1085    i.UART_Receive      lpc177x_8x_uart.o
    0x00007488   0x00000048   Code   RO         1086    i.UART_ReceiveByte  lpc177x_8x_uart.o
    0x000074d0   0x000000e4   Code   RO         1087    i.UART_Send         lpc177x_8x_uart.o
    0x000075b4   0x00000044   Code   RO         1088    i.UART_SendByte     lpc177x_8x_uart.o
    0x000075f8   0x0000008c   Code   RO         1089    i.UART_TxCmd        lpc177x_8x_uart.o
    0x00007684   0x00000008   Code   RO         5488    i._CalcSizeOfChar   gui_uc_encodenone.o
    0x0000768c   0x00000022   Code   RO         3341    i._Check_NegLong    gui_adddecshift.o
    0x000076ae   0x00000002   PAD
    0x000076b0   0x00000068   Code   RO         5799    i._DispLine         guicharline.o
    0x00007718   0x0000009c   Code   RO         8112    i._DrawBitLine16BPP  lcdeval.o
    0x000077b4   0x00000064   Code   RO         8480    i._DrawBitLine16BPP_DDB  guidev_16.o
    0x00007818   0x000000d8   Code   RO         8113    i._DrawBitLine1BPP  lcdeval.o
    0x000078f0   0x0000014c   Code   RO         8481    i._DrawBitLine1BPP  guidev_16.o
    0x00007a3c   0x00000168   Code   RO         8114    i._DrawBitLine2BPP  lcdeval.o
    0x00007ba4   0x000000fc   Code   RO         8482    i._DrawBitLine2BPP  guidev_16.o
    0x00007ca0   0x00000168   Code   RO         8115    i._DrawBitLine4BPP  lcdeval.o
    0x00007e08   0x00000184   Code   RO         8483    i._DrawBitLine4BPP  guidev_16.o
    0x00007f8c   0x0000009c   Code   RO         8116    i._DrawBitLine8BPP  lcdeval.o
    0x00008028   0x00000074   Code   RO         8484    i._DrawBitLine8BPP  guidev_16.o
    0x0000809c   0x00000060   Code   RO         8485    i._DrawBitLine8BPP_DDB  guidev_16.o
    0x000080fc   0x0000015c   Code   RO         8486    i._DrawBitmap       guidev_16.o
    0x00008258   0x00000016   Code   RO         8487    i._DrawHLine        guidev_16.o
    0x0000826e   0x00000002   PAD
    0x00008270   0x000000c0   Code   RO         8488    i._DrawVLine        guidev_16.o
    0x00008330   0x00000008   Code   RO         5489    i._Encode           gui_uc_encodenone.o
    0x00008338   0x000000a4   Code   RO         8489    i._FillRect         guidev_16.o
    0x000083dc   0x00000006   Code   RO         5490    i._GetCharCode      gui_uc_encodenone.o
    0x000083e2   0x00000008   Code   RO         5491    i._GetCharSize      gui_uc_encodenone.o
    0x000083ea   0x00000002   PAD
    0x000083ec   0x00000018   Code   RO         6469    i._GetColorIndex    lcd.o
    0x00008404   0x00000014   Code   RO         8490    i._GetPixelIndex    guidev_16.o
    0x00008418   0x00000050   Code   RO         6230    i._GetTaskNo        guitask.o
    0x00008468   0x00000010   Code   RO         4644    i._GotoX            gui_goto.o
    0x00008478   0x00000010   Code   RO         4645    i._GotoY            gui_goto.o
    0x00008488   0x0000005c   Code   RO         5964    i._InitContext      guicore.o
    0x000084e4   0x00000050   Code   RO         8491    i._SetPixelIndex    guidev_16.o
    0x00008534   0x0000003c   Code   RO         8492    i._XY2PTR           guidev_16.o
    0x00008570   0x0000005c   Code   RO         8493    i._XorPixel         guidev_16.o
    0x000085cc   0x0000000e   Code   RO        10990    i.__scatterload_copy  mc_w.l(handlers.o)
    0x000085da   0x00000002   Code   RO        10991    i.__scatterload_null  mc_w.l(handlers.o)
    0x000085dc   0x0000000e   Code   RO        10992    i.__scatterload_zeroinit  mc_w.l(handlers.o)
    0x000085ea   0x00000076   Code   RO          826    i.can_SetBaudrate   lpc177x_8x_can.o
    0x00008660   0x0000003c   Code   RO         1265    i.converPtrToTimeNum  lpc177x_8x_timer.o
    0x0000869c   0x00000038   Code   RO         1266    i.converUSecToVal   lpc177x_8x_timer.o
    0x000086d4   0x00000108   Code   RO          961    i.debug_frmwrk_init  debug_frmwrk.o
    0x000087dc   0x00000010   Code   RO         1267    i.getPClock         lpc177x_8x_timer.o
    0x000087ec   0x00000068   Code   RO        10182    i.get_one_instruction  can_handling.o
    0x00008854   0x00000054   Code   RO         9317    i.main              main.o
    0x000088a8   0x00000030   Code   RO         1090    i.uart_get_pointer  lpc177x_8x_uart.o
    0x000088d8   0x000001e8   Code   RO         1091    i.uart_set_divisors  lpc177x_8x_uart.o
    0x00008ac0   0x0000009c   Code   RO         9741    i.uctsk_Blink       menudisp.o
    0x00008b5c   0x000000e8   Code   RO         9742    i.uctsk_CheckButtonPressed  menudisp.o
    0x00008c44   0x0000017c   Code   RO         9743    i.uctsk_OKButtonProcess  menudisp.o
    0x00008dc0   0x00000010   Code   RO         9744    i.uctsk_uart        menudisp.o
    0x00008dd0   0x00000088   Code   RO         9745    i.utsk_CoderRotatedProcess  menudisp.o
    0x00008e58   0x000001d0   Code   RO         9746    i.utsk_LeftRightButtonProcess  menudisp.o
    0x00009028   0x00000058   Code   RO         9747    i.utsk_ManuSelfTest  menudisp.o
    0x00009080   0x00000294   Code   RO         9748    i.utsk_UpDownButtonProcess  menudisp.o
    0x00009314   0x00000068   Code   RO        10183    i.vCAN_Init         can_handling.o
    0x0000937c   0x00000024   Code   RO        10352    i.vUART_Init        uart_handling.o
    0x000093a0   0x00000059   Data   RO          962    .constdata          debug_frmwrk.o
    0x000093f9   0x00000003   PAD
    0x000093fc   0x0000005e   Data   RO         1465    .constdata          os_dbg.o
    0x0000945a   0x00000100   Data   RO         1522    .constdata          os_core.o
    0x0000955a   0x00000002   PAD
    0x0000955c   0x00000028   Data   RO         3342    .constdata          gui_adddecshift.o
    0x00009584   0x00000010   Data   RO         3375    .constdata          gui_addhex.o
    0x00009594   0x00000010   Data   RO         5492    .constdata          gui_uc_encodenone.o
    0x000095a4   0x00000008   Data   RO         5966    .constdata          guicore.o
    0x000095ac   0x00000040   Data   RO         6545    .constdata          lcd_api.o
    0x000095ec   0x00000100   Data   RO         6795    .constdata          lcd_mirror.o
    0x000096ec   0x00000820   Data   RO         7615    .constdata          f13_ascii.o
    0x00009f0c   0x00000a84   Data   RO         7799    .constdata          f16b_ascii.o
    0x0000a990   0x00000df8   Data   RO         7949    .constdata          fcomic18b_ascii.o
    0x0000b788   0x00000060   Data   RO         8494    .constdata          guidev_16.o
    0x0000b7e8   0x000003dd   Data   RO         9432    .constdata          blockdisp.o
    0x0000bbc5   0x00000003   PAD
    0x0000bbc8   0x0000065f   Data   RO         9633    .constdata          coderdisp.o
    0x0000c227   0x00000001   PAD
    0x0000c228   0x00000ac8   Data   RO         9750    .constdata          menudisp.o
    0x0000ccf0   0x00000040   Data   RO        10988    Region$$Table       anon$$obj.o


    Execution Region RW_IRAM1 (Base: 0x10000000, Size: 0x0000a594, Max: 0x00010000, ABSOLUTE)

    Base Addr    Size         Type   Attr      Idx    E Section Name        Object

    0x10000000   0x0000003c   Data   RW          963    .data               debug_frmwrk.o
    0x1000003c   0x00000060   Data   RW         1523    .data               os_core.o
    0x1000009c   0x0000000c   Data   RW         6232    .data               guitask.o
    0x100000a8   0x00000004   Data   RW         6546    .data               lcd_api.o
    0x100000ac   0x00000004   Data   RW         8117    .data               lcdeval.o
    0x100000b0   0x00000011   Data   RW         9108    .data               gui_x_ucos.o
    0x100000c1   0x00000003   PAD
    0x100000c4   0x00000014   Data   RW         9433    .data               blockdisp.o
    0x100000d8   0x00000048   Data   RW        10255    .data               readdatabyidcontrol.o
    0x10000120   0x00006424   Zero   RW         5641    .bss                guialloc.o
    0x10006544   0x00000150   Zero   RW         6231    .bss                guitask.o
    0x10006694   0x00000500   Zero   RW         9318    .bss                main.o
    0x10006b94   0x00003200   Zero   RW         9749    .bss                menudisp.o
    0x10009d94   0x00000800   Zero   RW        10353    .bss                uart_handling.o


    Execution Region RW_IRAM2 (Base: 0x20000000, Size: 0x00002598, Max: 0x00008000, ABSOLUTE, COMPRESSED[0x000000e0])

    Base Addr    Size         Type   Attr      Idx    E Section Name        Object

    0x20000000   0x00000010   Data   RW           26    .data               system_lpc177x_8x.o
    0x20000010   0x00000002   Data   RW         1383    .data               os_cpu_c.o
    0x20000012   0x00000002   PAD
    0x20000014   0x0000001c   Data   RW         5967    .data               guicore.o
    0x20000030   0x0000008c   Data   RW         9751    .data               menudisp.o
    0x200000bc   0x00000078   Data   RW        10185    .data               can_handling.o
    0x20000134   0x00000044   Data   RW        10230    .data               iocontrol.o
    0x20000178   0x00000012   Data   RW        10282    .data               routinecontrol.o
    0x2000018a   0x00000008   Data   RW        10312    .data               sessioncontrol.o
    0x20000192   0x00000002   PAD
    0x20000194   0x00000008   Data   RW        10354    .data               uart_handling.o
    0x2000019c   0x00001570   Zero   RW         1521    .bss                os_core.o
    0x2000170c   0x00000050   Zero   RW         5965    .bss                guicore.o
    0x2000175c   0x00000c38   Zero   RW        10184    .bss                can_handling.o
    0x20002394   0x00000004   PAD
    0x20002398   0x00000200   Zero   RW            1    STACK               startup_lpc177x_8x.o


==============================================================================

Image component sizes


      Code (inc. data)   RO Data    RW Data    ZI Data      Debug   Object Name

      1624        362        989         20          0      10339   blockdisp.o
       278         10          0          0          0      19257   bsp.o
      1136        100          0        120       3128      20843   can_handling.o
       616         70       1631          0          0       9391   coderdisp.o
      1212          0          0          0          0      12761   coderprocess.o
         0          0          0          0          0       4212   core_cm3.o
      1788        272         89         60          0      17341   debug_frmwrk.o
       418         32          0          0          0       4033   emc_nand.o
         0          0       2080          0          0       6659   f13_ascii.o
         0          0       2692          0          0       7054   f16b_ascii.o
         0          0       3576          0          0       7841   fcomic18b_ascii.o
       684         38          0          0          0       2224   glcd.o
         0          0          0          0          0      23209   gui2dlib.o
        78          0          0          0          0        712   gui__memset16.o
       166          8         40          0          0       1822   gui_adddecshift.o
        56          6         16          0          0       1029   gui_addhex.o
        28          0          0          0          0        546   gui_disphex.o
       332          4          0          0          0        905   gui_dispstring.o
        36          0          0          0          0        543   gui_fillrect.o
        26          0          0          0          0        705   gui_fillrectex.o
        52          0          0          0          0        896   gui_getcolor.o
        66          8          0          0          0       1289   gui_goto.o
        58          0          0          0          0        869   gui_rectsintersect.o
        40          0          0          0          0        896   gui_setcolor.o
        32          6          0          0          0        502   gui_setfont.o
        88         10          0          0          0       1105   gui_uc.o
        30          0         16          0          0       2257   gui_uc_encodenone.o
       104         28          0         17          0       2202   gui_x_ucos.o
        28          8          0          0      25636       1709   guialloc.o
       152         14          0          0          0       1403   guichar.o
       308         24          0          0          0       2875   guicharline.o
       388          8          0          0          0       3027   guicharp.o
       212         30          8         28         80       5880   guicore.o
       136         18          0          0          0       2325   guidev.o
      2262         68         96          0          0      38968   guidev_16.o
        50          0          0          0          0        596   guidev_usage.o
       352         44          0         12        336       2905   guitask.o
        50          0          0          0          0       1045   guival.o
       360         44          0         68          0       1663   iocontrol.o
      1180         66          0          0          0       7800   lcd.o
         0          0         64          4          0        546   lcd_api.o
        24         12          0          0          0        846   lcd_getcolorindex.o
        56          0          0          0          0       1873   lcd_l0_generic.o
         0          0        256          0          0        454   lcd_mirror.o
         2          0          0          0          0        362   lcdcolor.o
      1698         52          0          4          0      11125   lcdeval.o
         0          0          0          0          0       4241   lcdp111.o
        32          0          0          0          0        975   lcdpm565.o
        56          0          0          0          0        571   lcdpm565_index2color.o
      1214         34          0          0          0      15019   lpc177x_8x_can.o
       288         50          0          0          0       2811   lpc177x_8x_clkpwr.o
      1540        218          0          0          0      16161   lpc177x_8x_emc.o
       386         56          0          0          0       6515   lpc177x_8x_gpio.o
       260         18          0          0          0       2191   lpc177x_8x_pinsel.o
       646         34          0          0          0       7444   lpc177x_8x_timer.o
      1950        198          0          0          0       7776   lpc177x_8x_uart.o
       226         30          0          0       1280      22189   main.o
      5560       1020       2760        140      12800      16877   menudisp.o
      2422        406        256         96       5488      24245   os_core.o
       164         32          0          0          0        256   os_cpu_a.o
       308         16          0          2          0      16274   os_cpu_c.o
       276        182         94          0          0      13432   os_dbg.o
       112          8          0          0          0       1026   os_flag.o
        88         10          0          0          0        615   os_mbox.o
        76          8          0          0          0        469   os_mem.o
        56         10          0          0          0        455   os_q.o
       424         24          0          0          0       2102   os_sem.o
      1186        104          0          0          0       5644   os_task.o
       228         22          0          0          0       1252   os_time.o
      1036        104          0          0          0       6002   os_tmr.o
       140         20          0         72          0       1908   readdatabyidcontrol.o
       184         36          0         18          0       1822   routinecontrol.o
       460         34          0          0          0       1171   sdram_k4s561632c_32m_16bit.o
       416         68          0          8          0       3152   sessioncontrol.o
        36         12        228          0        512        944   startup_lpc177x_8x.o
       968        122          0         16          0      23257   system_lpc177x_8x.o
       140         24          0          8       2048       1531   uart_handling.o

    ----------------------------------------------------------------------
     37162       4242      14964        700      51312     455171   Object Totals
         0          0         64          0          0          0   (incl. Generated)
        78          0          9          7          4          0   (incl. Padding)

    ----------------------------------------------------------------------

      Code (inc. data)   RO Data    RW Data    ZI Data      Debug   Library Member Name

        92          0          0          0          0          0   __dczerorl2.o
         0          0          0          0          0          0   entry.o
         0          0          0          0          0          0   entry10a.o
         0          0          0          0          0          0   entry11a.o
         8          4          0          0          0          0   entry2.o
         4          0          0          0          0          0   entry5.o
         0          0          0          0          0          0   entry7b.o
         0          0          0          0          0          0   entry8b.o
         8          4          0          0          0          0   entry9a.o
        30          0          0          0          0          0   handlers.o
        36          8          0          0          0         68   init.o
        30          0          0          0          0         68   llshl.o
        32          0          0          0          0         68   llushr.o
        64          0          0          0          0         76   memmovea.o
        98          0          0          0          0         92   uldiv.o

    ----------------------------------------------------------------------
       402         16          0          0          0        372   Library Totals
         0          0          0          0          0          0   (incl. Padding)

    ----------------------------------------------------------------------

      Code (inc. data)   RO Data    RW Data    ZI Data      Debug   Library Name

       402         16          0          0          0        372   mc_w.l

    ----------------------------------------------------------------------
       402         16          0          0          0        372   Library Totals

    ----------------------------------------------------------------------

==============================================================================


      Code (inc. data)   RO Data    RW Data    ZI Data      Debug   

     37564       4258      14964        700      51312     437291   Grand Totals
     37564       4258      14964        512      51312     437291   ELF Image Totals (compressed)
     37564       4258      14964        512          0          0   ROM Totals

==============================================================================

    Total RO  Size (Code + RO Data)                52528 (  51.30kB)
    Total RW  Size (RW Data + ZI Data)             52012 (  50.79kB)
    Total ROM Size (Code + RO Data + RW Data)      53040 (  51.80kB)

==============================================================================

